✓ Initialized. View run at 
https://modal.com/apps/wassname/main/ap-f8aD8yg7WT3xhqMTkix9y7
✓ Created objects.
├── 🔨 Created mount 
│   /workspace/2026/jspace/j-steer_pub/scripts/scratch/j_lens_matched_random.py
├── 🔨 Created mount slop/logs/20260907_j_lens_matched_random/cpu.json
├── 🔨 Created mount slop/logs/20260907_j_lens_matched_random/sampler.json
├── 🔨 Created mount slop/logs/20260907_j_lens_named_concepts/generation.json
├── 🔨 Created mount 
│   slop/logs/20260907_j_lens_dev15_representation/generation.json
├── 🔨 Created mount /workspace/2026/jspace/j-steer_pub/src
├── 🔨 Created mount /workspace/2026/jspace/j-steer_pub/scripts
├── 🔨 Created mount /workspace/2026/jspace/j-steer_pub/data
├── 🔨 Created function remote.
└── 🔨 Created function import_check.

[1AFetching 14 files:   0%|          | 0/14 [00:00<?, ?it/s]Fetching 14 files: 100%|██████████| 14/14 [00:00<00:00, 916.02it/s]
Traceback (most recent call last):
  File "/repo/scripts/scratch/j_lens_matched_random.py", line 161, in <module>
    else:run(args.seed,args.output,args.source_revision)
         ~~~^^^^^^^^^^^^^^^^^^^^^^^^^^^^^^^^^^^^^^^^^^^^
  File "/repo/scripts/scratch/j_lens_matched_random.py", line 77, in run
    assert gap.concept.tokenizer_content_hash(tokenizer)==source['construction']['source_tokenizer_sha256']
           ^^^^^^^^^^^^^^^^^^^^^^^^^^^^^^^^^^^^^^^^^^^^^^^^^^^^^^^^^^^^^^^^^^^^^^^^^^^^^^^^^^^^^^^^^^^^^^^^
AssertionError
RANDOM_VOLUME_COMMIT_START
RANDOM_VOLUME_COMMIT_END
Traceback (most recent call last):
  File "/pkg/modal/_runtime/container_io_manager.py", line 977, in handle_input_exception
    yield
  File "/pkg/modal/_container_entrypoint.py", line 187, in run_input_sync
    values = io_context.call_function_sync()
  File "/pkg/modal/_runtime/container_io_manager.py", line 265, in call_function_sync
    expected_value_or_values = self.finalized_function.callable(*args, **kwargs)
  File "/root/j_lens_matched_random.py", line 138, in remote
    try:subprocess.run([sys.executable,'scripts/scratch/j_lens_matched_random.py','--seed',str(seed),'--output','/cache/'+destination,'--source-revision',revision],cwd='/repo',check=True)
        ~~~~~~~~~~~~~~^^^^^^^^^^^^^^^^^^^^^^^^^^^^^^^^^^^^^^^^^^^^^^^^^^^^^^^^^^^^^^^^^^^^^^^^^^^^^^^^^^^^^^^^^^^^^^^^^^^^^^^^^^^^^^^^^^^^^^^^^^^^^^^^^^^^^^^^^^^^^^^^^^^^^^^^^^^^^^^^^^^^^
  File "/usr/local/lib/python3.13/subprocess.py", line 577, in run
    raise CalledProcessError(retcode, process.args,
                             output=stdout, stderr=stderr)
subprocess.CalledProcessError: Command '['/.uv/.venv/bin/python', 'scripts/scratch/j_lens_matched_random.py', '--seed', '0', '--output', '/cache/outputs/audits/20260907_j_lens_matched_random/seed0/generation.json', '--source-revision', '3ab831f1b1fcf21afbf91b060514280b35103d14']' returned non-zero exit status 1.
Stopping app - uncaught exception raised locally: CalledProcessError(1, ['/.uv/.venv/bin/python', 'scripts/scratch/j_lens_matched_random.py', '--seed', '0', '--output', '/cache/outputs/audits/20260907_j_lens_matched_random/seed0/generation.json', '--source-revision', '3ab831f1b1fcf21afbf91b060514280b35103d14']).
╭───────────────────── Traceback (most recent call last) ──────────────────────╮
│ /workspace/2026/jspace/j-steer_pub/scripts/scratch/j_lens_matched_random.py: │
│ 154 in launch                                                                │
│                                                                              │
│   153 │   def launch(seed:int):                                              │
│ ❱ 154 │   │   print('RANDOM_REMOTE_PATH',remote.remote(seed,source_revision( │
│   155                                                                        │
│                                                                              │
│ /workspace/2026/jspace/j-steer_pub/.venv/lib/python3.13/site-packages/modal/ │
│ _object.py:46 in wrapped                                                     │
│                                                                              │
│    45 │   │   await self.hydrate()                                           │
│ ❱  46 │   │   return await method(self, *args, **kwargs)                     │
│    47                                                                        │
│                                                                              │
│ /workspace/2026/jspace/j-steer_pub/.venv/lib/python3.13/site-packages/modal/ │
│ _functions.py:1841 in remote                                                 │
│                                                                              │
│   1840 │   │                                                                 │
│ ❱ 1841 │   │   return await self._call_function(args, kwargs)                │
│   1842                                                                       │
│                                                                              │
│ /workspace/2026/jspace/j-steer_pub/.venv/lib/python3.13/site-packages/modal/ │
│ _functions.py:1778 in _call_function                                         │
│                                                                              │
│   1777 │   │                                                                 │
│ ❱ 1778 │   │   return await invocation.run_function()                        │
│   1779                                                                       │
│                                                                              │
│ /workspace/2026/jspace/j-steer_pub/.venv/lib/python3.13/site-packages/modal/ │
│ _functions.py:502 in run_function                                            │
│                                                                              │
│    501 │   │   │   # No more retries left.                                   │
│ ❱  502 │   │   │   return await _process_result(                             │
│    503 │   │   │   │   await_response.output.result, await_response.output.d │
│                                                                              │
│ /workspace/2026/jspace/j-steer_pub/.venv/lib/python3.13/site-packages/modal/ │
│ _utils/function_utils.py:572 in _process_result                              │
│                                                                              │
│   571 │   │   │                                                              │
│ ❱ 572 │   │   │   raise exc_with_hints(exc)                                  │
│   573                                                                        │
│                                                                              │
│     ...Remote call to Modal Function (ta-01M1YPVJVK9SVV01FGYN6G5JWR)...      │
│                                                                              │
│ /root/j_lens_matched_random.py:138 in remote                                 │
│                                                                              │
│ ❱ 138 try:subprocess.run([sys.executable,'scripts/scratch/j_lens_matched_ran │
│                                                                              │
│                                                                              │
│ /usr/local/lib/python3.13/subprocess.py:577 in run                           │
│                                                                              │
│ ❱ 577 raise CalledProcessError(retcode, process.args,                        │
│                                                                              │
╰──────────────────────────────────────────────────────────────────────────────╯
CalledProcessError: Command '['/.uv/.venv/bin/python', 
'scripts/scratch/j_lens_matched_random.py', '--seed', '0', '--output', 
'/cache/outputs/audits/20260907_j_lens_matched_random/seed0/generation.json', 
'--source-revision', '3ab831f1b1fcf21afbf91b060514280b35103d14']' returned 
non-zero exit status 1.
EXIT_CODE=1
