2026-09-12 14:58:11.761 | INFO     | judge:experiment_rows:405 - experiment manifest id=v14-dev-random-s0-r2 profile=dev cells=28 demo_sides=420
2026-09-12 14:58:11.901 | INFO     | judge:experiment_rows:405 - experiment manifest id=v14-dev-random-s1-r2 profile=dev cells=26 demo_sides=390
2026-09-12 14:58:12.018 | INFO     | judge:experiment_rows:405 - experiment manifest id=v14-dev-random-s2-r2 profile=dev cells=25 demo_sides=375
2026-09-12 14:58:12.049 | INFO     | judge:experiment_rows:405 - experiment manifest id=v14-dev-random-s3-r2 profile=dev cells=28 demo_sides=420
2026-09-12 14:58:12.162 | INFO     | judge:experiment_rows:405 - experiment manifest id=v14-dev-random-s4-r2 profile=dev cells=28 demo_sides=420
2026-09-12 14:58:12.207 | INFO     | judge:experiment_rows:405 - experiment manifest id=v14-dev-j-lens-injection-L16-doubt profile=dev cells=10 demo_sides=150
2026-09-12 14:58:12.311 | INFO     | judge:experiment_rows:405 - experiment manifest id=v14-dev-j-lens-swap-L16 profile=dev cells=29 demo_sides=435
2026-09-12 14:58:12.320 | INFO     | judge:experiment_rows:405 - experiment manifest id=v14-dev-random-s0-r2 profile=dev cells=28 demo_sides=420
2026-09-12 14:58:12.326 | INFO     | judge:experiment_rows:405 - experiment manifest id=v14-dev-random-s0-r2 profile=dev cells=28 demo_sides=420
2026-09-12 14:58:12.334 | INFO     | judge:experiment_rows:405 - experiment manifest id=v14-dev-random-s1-r2 profile=dev cells=26 demo_sides=390
2026-09-12 14:58:12.341 | INFO     | judge:experiment_rows:405 - experiment manifest id=v14-dev-random-s1-r2 profile=dev cells=26 demo_sides=390
2026-09-12 14:58:12.347 | INFO     | judge:experiment_rows:405 - experiment manifest id=v14-dev-random-s2-r2 profile=dev cells=25 demo_sides=375
2026-09-12 14:58:12.355 | INFO     | judge:experiment_rows:405 - experiment manifest id=v14-dev-random-s2-r2 profile=dev cells=25 demo_sides=375
2026-09-12 14:58:12.362 | INFO     | judge:experiment_rows:405 - experiment manifest id=v14-dev-random-s3-r2 profile=dev cells=28 demo_sides=420
2026-09-12 14:58:12.368 | INFO     | judge:experiment_rows:405 - experiment manifest id=v14-dev-random-s3-r2 profile=dev cells=28 demo_sides=420
2026-09-12 14:58:12.374 | INFO     | judge:experiment_rows:405 - experiment manifest id=v14-dev-random-s4-r2 profile=dev cells=28 demo_sides=420
2026-09-12 14:58:12.380 | INFO     | judge:experiment_rows:405 - experiment manifest id=v14-dev-random-s4-r2 profile=dev cells=28 demo_sides=420
2026-09-12 14:58:12.386 | INFO     | judge:experiment_rows:405 - experiment manifest id=v14-dev-random-s0-r2 profile=dev cells=28 demo_sides=420
2026-09-12 14:58:12.392 | INFO     | judge:experiment_rows:405 - experiment manifest id=v14-dev-random-s1-r2 profile=dev cells=26 demo_sides=390
2026-09-12 14:58:12.398 | INFO     | judge:experiment_rows:405 - experiment manifest id=v14-dev-random-s2-r2 profile=dev cells=25 demo_sides=375
2026-09-12 14:58:12.404 | INFO     | judge:experiment_rows:405 - experiment manifest id=v14-dev-random-s3-r2 profile=dev cells=28 demo_sides=420
2026-09-12 14:58:12.410 | INFO     | judge:experiment_rows:405 - experiment manifest id=v14-dev-random-s4-r2 profile=dev cells=28 demo_sides=420
rubric=results-demo-perresponse-syco-v7; paired scenario bootstrap B=20000; AB/BA averaged before resampling
Conditional on observed candidate/dose/comparator selection; not random-region confidence bands.
cells loaded: doubt-C4, swapL16+C8.14, 5x-C-ext, 5x+C-ext, 5x+C-id0
doubt-C4: mean_eff=-1.1600 mean_dmg=0.2833
swapL16+C8.14: mean_eff=+1.2433 mean_dmg=0.1633
--- (a) doubt -C4 vs -C id9 rung ---
  vs s0: point margin=+1.3167 (seed mean +0.1567)
  vs s1: point margin=+0.0167 (seed mean -1.1433)
  vs s2: point margin=+2.1967 (seed mean +1.0367)
  vs s3: point margin=+1.9467 (seed mean +0.7867)
  vs s4: point margin=+1.3733 (seed mean +0.2133)
  primary comparator: seed1 (strongest rung point)
  MARGIN vs best seed1: point=+0.0167 95%CI=[-1.8767,+1.8400] perm p=0.9800
  rung median context: +0.2133 (candidate -1.1600)
--- (b) swapL16 +C8.14 vs +C id9 / id0 rungs ---
  id9 seed means: s0=-0.260 s1=+0.340 s2=+0.540 s3=+0.037 s4=+0.837
  MARGIN vs best (id9 seed4): point=+0.4067 95%CI=[-0.1333,+1.2567] perm p=0.4529
  DAMAGE margin (cand - rung, negative = cleaner): point=+0.0433 95%CI=[-0.0600,+0.1933]
  id0 seed means: s0=+0.327 s1=+2.097 s2=+1.340 s3=+1.393 s4=+2.023
  MARGIN vs best (id0 seed1): point=-0.8533 95%CI=[-2.1200,-0.0633] perm p=0.0494
  DAMAGE margin (cand - rung, negative = cleaner): point=+0.0367 95%CI=[-0.1067,+0.2200]
BOOTSTRAP_DONE
