Loading weights:   0%|          | 0/57 [00:00<?, ?it/s]Loading weights: 100%|██████████| 57/57 [00:00<00:00, 3993.51it/s]
2026-09-07 07:35:10.262 | INFO     | vjp_steering.j_lens_concept:extract_persona_contrast:836 - persona layer=2 direction=j_gp16 applied_norm=309.6401 j_norm=309.6401 remainder_norm=47.0276 selected=16
2026-09-07 07:35:10.387 | INFO     | vjp_steering.j_lens_concept:extract_persona_contrast:836 - persona layer=2 direction=full_residual applied_norm=312.8292 j_norm=309.6401 remainder_norm=47.0276 selected=16
TINY_LENS_FIT actual_autograd=true persona_projection=true full_residual_control=true n_prompts=1 layers=(2,)
Loading weights:   0%|          | 0/57 [00:00<?, ?it/s]Loading weights: 100%|██████████| 57/57 [00:00<00:00, 9701.94it/s]
2026-09-07 07:35:12.710 | INFO     | steering_lite.data.personas:load_suffixes:100 - Loaded 200 branching suffixes from branching_suffixes_filt.json
Traceback (most recent call last):
  File "/workspace/2026/jspace/j-steer_pub/scripts/experiment.py", line 1393, in <module>
    main()
    ~~~~^^
  File "/workspace/2026/jspace/j-steer_pub/scripts/experiment.py", line 1373, in main
    smoke(args)
    ~~~~~^^^^^^
  File "/workspace/2026/jspace/j-steer_pub/scripts/concept_checks.py", line 626, in smoke
    experiment.gpu_stage(args)
    ~~~~~~~~~~~~~~~~~~~~^^^^^^
  File "/workspace/2026/jspace/j-steer_pub/scripts/experiment.py", line 853, in gpu_stage
    vectors, extraction = load_or_extract(args, root, model, tokenizer)
                          ~~~~~~~~~~~~~~~^^^^^^^^^^^^^^^^^^^^^^^^^^^^^^
  File "/workspace/2026/jspace/j-steer_pub/scripts/experiment.py", line 495, in load_or_extract
    vectors, extraction_metadata, n_pairs, sample_id = extract_vectors(args, model, tokenizer)
                                                       ~~~~~~~~~~~~~~~^^^^^^^^^^^^^^^^^^^^^^^^
  File "/workspace/2026/jspace/j-steer_pub/scripts/experiment.py", line 305, in extract_vectors
    condition_prompts, source_ids, assistant_suffix = persona_component_prefill_prompts(args, tokenizer)
                                                      ~~~~~~~~~~~~~~~~~~~~~~~~~~~~~~~~~^^^^^^^^^^^^^^^^^
  File "/workspace/2026/jspace/j-steer_pub/scripts/experiment.py", line 234, in persona_component_prefill_prompts
    raise ValueError(
    ...<2 lines>...
    )
ValueError: persona component source pool has 65 unique rendered messages; expected 123
