Loading weights:   0%|          | 0/57 [00:00<?, ?it/s]Loading weights: 100%|██████████| 57/57 [00:00<00:00, 6446.69it/s]
2026-09-07 07:36:15.555 | INFO     | vjp_steering.j_lens_concept:extract_persona_contrast:836 - persona layer=2 direction=j_gp16 applied_norm=309.6401 j_norm=309.6401 remainder_norm=47.0276 selected=16
2026-09-07 07:36:15.674 | INFO     | vjp_steering.j_lens_concept:extract_persona_contrast:836 - persona layer=2 direction=full_residual applied_norm=312.8292 j_norm=309.6401 remainder_norm=47.0276 selected=16
TINY_LENS_FIT actual_autograd=true persona_projection=true full_residual_control=true n_prompts=1 layers=(2,)
Loading weights:   0%|          | 0/57 [00:00<?, ?it/s]Loading weights: 100%|██████████| 57/57 [00:00<00:00, 9792.15it/s]
2026-09-07 07:36:18.174 | INFO     | steering_lite.data.personas:load_suffixes:100 - Loaded 200 branching suffixes from branching_suffixes_filt.json
2026-09-07 07:36:19.406 | INFO     | vjp_steering.j_lens_concept:extract_persona_components:742 - persona components layer=2 gp_norms=[156.14483642578125, 254.91851806640625] split_gp_cosines=[0.942538857460022, 0.9803072810173035] component_cosine=0.7369 condition=2.569 eligibility_plus=0.574 eligibility_minus=0.426
2026-09-07 07:36:26.345 | INFO     | walk:generate:497 - generation 15/15
2026-09-07 07:36:32.839 | INFO     | walk:generate:497 - generation 15/15
2026-09-07 07:36:39.533 | INFO     | walk:generate:497 - generation 15/15
2026-09-07 07:36:46.642 | INFO     | walk:generate:497 - generation 15/15
2026-09-07 07:36:53.813 | INFO     | walk:generate:497 - generation 15/15
2026-09-07 07:36:54.467 | INFO     | experiment:gpu_stage:957 - GPU_STAGE_COMPLETE experiment=j-lens-persona-components-tiny-smoke-v15 profile=dev cells=4
Loading weights:   0%|          | 0/57 [00:00<?, ?it/s]Loading weights: 100%|██████████| 57/57 [00:00<00:00, 6682.56it/s]
2026-09-07 07:36:57.175 | INFO     | steering_lite.data.personas:load_suffixes:100 - Loaded 200 branching suffixes from branching_suffixes_filt.json
Traceback (most recent call last):
  File "/workspace/2026/jspace/j-steer_pub/scripts/experiment.py", line 1393, in <module>
    main()
    ~~~~^^
  File "/workspace/2026/jspace/j-steer_pub/scripts/experiment.py", line 1373, in main
    smoke(args)
    ~~~~~^^^^^^
  File "/workspace/2026/jspace/j-steer_pub/scripts/concept_checks.py", line 628, in smoke
    vectors, metadata = experiment.load_or_extract(args, root, model, tokenizer)
                        ~~~~~~~~~~~~~~~~~~~~~~~~~~^^^^^^^^^^^^^^^^^^^^^^^^^^^^^^
  File "/workspace/2026/jspace/j-steer_pub/scripts/experiment.py", line 456, in load_or_extract
    validate_persona_component_source_identity(args, metadata, model, tokenizer)
    ~~~~~~~~~~~~~~~~~~~~~~~~~~~~~~~~~~~~~~~~~~^^^^^^^^^^^^^^^^^^^^^^^^^^^^^^^^^^
  File "/workspace/2026/jspace/j-steer_pub/scripts/experiment.py", line 277, in validate_persona_component_source_identity
    "n_pairs": spec["expected_unique_sources"],
               ^^^^
NameError: name 'spec' is not defined. Did you mean: 'super'?
