Loading weights:   0%|          | 0/57 [00:00<?, ?it/s]Loading weights: 100%|██████████| 57/57 [00:00<00:00, 7993.69it/s]
2026-09-07 07:37:28.560 | INFO     | vjp_steering.j_lens_concept:extract_persona_contrast:836 - persona layer=2 direction=j_gp16 applied_norm=309.6401 j_norm=309.6401 remainder_norm=47.0276 selected=16
2026-09-07 07:37:28.712 | INFO     | vjp_steering.j_lens_concept:extract_persona_contrast:836 - persona layer=2 direction=full_residual applied_norm=312.8292 j_norm=309.6401 remainder_norm=47.0276 selected=16
2026-09-07 07:37:28.727 | INFO     | experiment:gpu_stage:841 - GPU_STAGE_COMPLETE experiment=j-lens-persona-components-tiny-smoke-v15 profile=dev cells=4 reused=true
TINY_LENS_FIT actual_autograd=true persona_projection=true full_residual_control=true n_prompts=1 layers=(2,)
Loading weights:   0%|          | 0/57 [00:00<?, ?it/s]Loading weights: 100%|██████████| 57/57 [00:00<00:00, 5897.85it/s]
2026-09-07 07:37:31.057 | INFO     | steering_lite.data.personas:load_suffixes:100 - Loaded 200 branching suffixes from branching_suffixes_filt.json
2026-09-07 07:37:31.460 | INFO     | steering_lite.data.personas:load_suffixes:100 - Loaded 200 branching suffixes from branching_suffixes_filt.json
CONCEPT_REAL_HOOK_CHECK both_directions_changed_logits=true distinct=true restored_logits=true calls_once=true removed=true diagnostics=true
COMMAND: /workspace/2026/jspace/j-steer_pub/.venv/bin/python3 scripts/judge.py --experiment-id j-lens-persona-components-tiny-smoke-v15 --profile dev --refresh
2026-09-07 07:37:33.684 | INFO     | __main__:experiment_rows:302 - experiment manifest id=j-lens-persona-components-tiny-smoke-v15 profile=dev cells=4 demo_sides=60
2026-09-07 07:37:34.190 | INFO     | __main__:cached_keys:335 - cache scan records=20000 valid_keys=0
2026-09-07 07:37:34.689 | INFO     | __main__:cached_keys:335 - cache scan records=40000 valid_keys=0
2026-09-07 07:37:35.247 | INFO     | __main__:cached_keys:335 - cache scan records=60000 valid_keys=0
2026-09-07 07:37:35.800 | INFO     | __main__:cached_keys:335 - cache scan records=80000 valid_keys=11699
2026-09-07 07:37:36.325 | INFO     | __main__:cached_keys:335 - cache scan records=100000 valid_keys=31699
2026-09-07 07:37:36.885 | INFO     | __main__:cached_keys:335 - cache scan records=120000 valid_keys=51368
2026-09-07 07:37:37.341 | INFO     | __main__:cached_keys:335 - cache scan records=140000 valid_keys=71368
2026-09-07 07:37:37.825 | INFO     | __main__:cached_keys:335 - cache scan records=160000 valid_keys=91368
2026-09-07 07:37:38.272 | INFO     | __main__:cached_keys:335 - cache scan records=180000 valid_keys=111368
2026-09-07 07:37:38.669 | INFO     | __main__:cached_keys:335 - cache scan records=200000 valid_keys=130444
2026-09-07 07:37:39.113 | INFO     | __main__:cached_keys:335 - cache scan records=220000 valid_keys=150271
2026-09-07 07:37:39.516 | INFO     | __main__:main:675 - CACHE_CHECK required=59 cached=8 missing=51 API_calls=51
2026-09-07 07:38:15.614 | INFO     | __main__:run:637 - judge progress=51/51
2026-09-07 07:38:16.126 | INFO     | __main__:cached_keys:335 - cache scan records=20000 valid_keys=0
2026-09-07 07:38:16.591 | INFO     | __main__:cached_keys:335 - cache scan records=40000 valid_keys=0
2026-09-07 07:38:17.125 | INFO     | __main__:cached_keys:335 - cache scan records=60000 valid_keys=0
2026-09-07 07:38:17.729 | INFO     | __main__:cached_keys:335 - cache scan records=80000 valid_keys=11699
2026-09-07 07:38:18.242 | INFO     | __main__:cached_keys:335 - cache scan records=100000 valid_keys=31699
2026-09-07 07:38:18.809 | INFO     | __main__:cached_keys:335 - cache scan records=120000 valid_keys=51368
2026-09-07 07:38:19.355 | INFO     | __main__:cached_keys:335 - cache scan records=140000 valid_keys=71368
2026-09-07 07:38:19.935 | INFO     | __main__:cached_keys:335 - cache scan records=160000 valid_keys=91368
2026-09-07 07:38:20.402 | INFO     | __main__:cached_keys:335 - cache scan records=180000 valid_keys=111368
2026-09-07 07:38:20.836 | INFO     | __main__:cached_keys:335 - cache scan records=200000 valid_keys=130444
2026-09-07 07:38:21.286 | INFO     | __main__:cached_keys:335 - cache scan records=220000 valid_keys=150271
2026-09-07 07:38:21.644 | INFO     | __main__:main:688 - JUDGE_COMPLETE required=59 missing=0
COMMAND: /workspace/2026/jspace/j-steer_pub/.venv/bin/python3 scripts/export.py --experiment-id j-lens-persona-components-tiny-smoke-v15 --profile dev
2026-09-07 07:38:24.120 | INFO     | judge:experiment_rows:302 - experiment manifest id=j-lens-persona-components-tiny-smoke-v15 profile=dev cells=4 demo_sides=60
EXPERIMENT_EXPORT_COMPLETE id=j-lens-persona-components-tiny-smoke-v15 profile=dev arms=4 scenarios=60
J_LENS_CONCEPT_PIPELINE_SMOKE_PASS id=j-lens-persona-components-tiny-smoke-v15 actual_lens=true generation=true judge=true export=true public_outputs_untouched=true
