2026-09-07 01:04:08.494 | INFO     | __main__:experiment_rows:297 - experiment manifest id=j-lens-persona-prompt-control-truthful-dev-v2 profile=dev cells=2 demo_sides=30
2026-09-07 01:04:09.407 | INFO     | __main__:cached_keys:330 - cache scan records=20000 valid_keys=0
2026-09-07 01:04:10.713 | INFO     | __main__:cached_keys:330 - cache scan records=40000 valid_keys=0
2026-09-07 01:04:11.609 | INFO     | __main__:cached_keys:330 - cache scan records=60000 valid_keys=0
2026-09-07 01:04:12.347 | INFO     | __main__:cached_keys:330 - cache scan records=80000 valid_keys=11699
2026-09-07 01:04:13.647 | INFO     | __main__:cached_keys:330 - cache scan records=100000 valid_keys=31699
2026-09-07 01:04:14.805 | INFO     | __main__:cached_keys:330 - cache scan records=120000 valid_keys=51368
2026-09-07 01:04:15.829 | INFO     | __main__:cached_keys:330 - cache scan records=140000 valid_keys=71368
2026-09-07 01:04:16.557 | INFO     | __main__:cached_keys:330 - cache scan records=160000 valid_keys=91368
2026-09-07 01:04:17.262 | INFO     | __main__:cached_keys:330 - cache scan records=180000 valid_keys=111368
2026-09-07 01:04:17.716 | INFO     | __main__:cached_keys:330 - cache scan records=200000 valid_keys=130444
2026-09-07 01:04:18.573 | INFO     | __main__:cached_keys:330 - cache scan records=220000 valid_keys=150271
2026-09-07 01:04:19.039 | INFO     | __main__:main:670 - CACHE_CHECK required=30 cached=15 missing=15 API_calls=15
2026-09-07 01:04:28.398 | INFO     | __main__:run:632 - judge progress=15/15
2026-09-07 01:04:28.891 | INFO     | __main__:cached_keys:330 - cache scan records=20000 valid_keys=0
2026-09-07 01:04:29.374 | INFO     | __main__:cached_keys:330 - cache scan records=40000 valid_keys=0
2026-09-07 01:04:29.895 | INFO     | __main__:cached_keys:330 - cache scan records=60000 valid_keys=0
2026-09-07 01:04:30.493 | INFO     | __main__:cached_keys:330 - cache scan records=80000 valid_keys=11699
2026-09-07 01:04:31.103 | INFO     | __main__:cached_keys:330 - cache scan records=100000 valid_keys=31699
2026-09-07 01:04:31.767 | INFO     | __main__:cached_keys:330 - cache scan records=120000 valid_keys=51368
2026-09-07 01:04:32.246 | INFO     | __main__:cached_keys:330 - cache scan records=140000 valid_keys=71368
2026-09-07 01:04:32.714 | INFO     | __main__:cached_keys:330 - cache scan records=160000 valid_keys=91368
2026-09-07 01:04:33.113 | INFO     | __main__:cached_keys:330 - cache scan records=180000 valid_keys=111368
2026-09-07 01:04:33.512 | INFO     | __main__:cached_keys:330 - cache scan records=200000 valid_keys=130444
2026-09-07 01:04:33.948 | INFO     | __main__:cached_keys:330 - cache scan records=220000 valid_keys=150271
2026-09-07 01:04:34.311 | INFO     | __main__:main:683 - JUDGE_COMPLETE required=30 missing=0
