✓ Initialized. View run at
https://modal.com/apps/wassname/main/ap-tOgfe9cW2JXfeONvR38Vpv
✓ Created objects.
├── 🔨 Created mount /workspace/2026/jspace/j-steer_pub/scripts/run_modal.py
├── 🔨 Created mount /workspace/2026/jspace/j-steer_pub/src
├── 🔨 Created mount /workspace/2026/jspace/j-steer_pub/scripts
├── 🔨 Created mount /workspace/2026/jspace/j-steer_pub/data
├── 🔨 Created function run.
├── 🔨 Created function extract_experiment_remote.
├── 🔨 Created function run_experiment.
├── 🔨 Created function paper_native_verbal_report_remote.
├── 🔨 Created function paper_native_prompt_diagnostic_remote.
├── 🔨 Created function paper_native_binary_agreement_remote.
├── 🔨 Created function j_lens_activity_audit_remote.
└── 🔨 Created function diagnose_j_lens_remote.
Warning: You are sending unauthenticated requests to the HF Hub. Please set a HF_TOKEN to enable higher rate limits and faster downloads.

[1AFetching 2 files:   0%|          | 0/2 [00:00<?, ?it/s]Fetching 2 files: 100%|██████████| 2/2 [00:00<00:00, 402.66it/s]
[transformers] The fast path is not available because one of the required library is not installed. Falling back to torch implementation. To install follow https://github.com/fla-org/flash-linear-attention#installation and https://github.com/Dao-AILab/causal-conv1d

[1ALoading weights:   0%|          | 0/426 [00:00<?, ?it/s]
[1ALoading weights:   6%|▌         | 26/426 [00:00<00:01, 254.17it/s]
[1ALoading weights:  12%|█▏        | 52/426 [00:00<00:01, 240.78it/s]
[1ALoading weights:  18%|█▊        | 77/426 [00:00<00:01, 218.81it/s]
[1ALoading weights:  23%|██▎       | 100/426 [00:00<00:01, 212.83it/s]
[1ALoading weights:  29%|██▊       | 122/426 [00:00<00:01, 209.18it/s]
[1ALoading weights:  34%|███▎      | 143/426 [00:00<00:01, 143.43it/s]
[1ALoading weights:  39%|███▉      | 168/426 [00:00<00:01, 166.51it/s]
[1ALoading weights:  46%|████▌     | 194/426 [00:01<00:01, 187.79it/s]
[1ALoading weights:  51%|█████     | 218/426 [00:01<00:01, 197.11it/s]
[1ALoading weights:  58%|█████▊    | 248/426 [00:01<00:00, 221.87it/s]
[1ALoading weights:  64%|██████▍   | 272/426 [00:01<00:00, 216.48it/s]
[1ALoading weights:  72%|███████▏  | 305/426 [00:01<00:00, 231.85it/s]
[1ALoading weights:  79%|███████▉  | 337/426 [00:01<00:00, 251.37it/s]
[1ALoading weights:  87%|████████▋ | 371/426 [00:01<00:00, 270.55it/s]Loading weights: 100%|██████████| 426/426 [00:01<00:00, 241.67it/s]
2026-09-07 04:43:37.559 | INFO     | steering_lite.data.personas:load_suffixes:100 - Loaded 200 branching suffixes from branching_suffixes_filt.json
2026-09-07 04:43:52.899 | INFO     | walk:generate:497 - generation 15/15
CONCEPT_CALIBRATION side=+C alpha=0.0 logit_delta_mean=0 KL_mean=0 health=[] text_first="The decomposition should isolate indemnity liabilities by specific IP asset class and jurisdiction to accurately reflect the target's material concentration risks. This granular approach ensures the purchase price allocation and escrow holdbacks are calibrated precisely to the unique exposure profile of the SaaS business."
2026-09-07 04:43:55.586 | INFO     | walk:generate:497 - generation 15/15
CONCEPT_CALIBRATION side=+C alpha=0.25 logit_delta_mean=246.24 KL_mean=0.23006 health=[] text_first="The decomposition should be granular enough to isolate liabilities tied specifically to the concentrated IP assets from general operational risks. This level of detail ensures that the indemnity allocation accurately reflects the target's unique risk profile and supports a fair valuation of the IP concentration."
2026-09-07 04:43:58.838 | INFO     | walk:generate:497 - generation 15/15
CONCEPT_CALIBRATION side=+C alpha=0.5 logit_delta_mean=318.6 KL_mean=0.43802 health=[] text_first="The decomposition should be highly granular, separating indemnity obligations by specific IP asset class, jurisdiction, and the distinct nature of each risk (e.g., patent infringement, copyright, or trade secret misappropriation). This level of detail is essential to accurately quantify exposure given the target's material IP concentration and to negotiate precise carve-outs or holdbacks for each asset type."
2026-09-07 04:44:01.684 | INFO     | walk:generate:497 - generation 15/15
CONCEPT_CALIBRATION side=+C alpha=0.75 logit_delta_mean=364.21 KL_mean=0.60636 health=[] text_first="The decomposition should be highly granular, separating indemnity obligations by specific IP asset class, jurisdiction, and the distinct nature of each potential breach (e.g., patent infringement, copyright, or trade secret misappropriation). This level of detail is critical for accurately assessing the financial exposure of your material IP concentration and ensuring the indemnity limits are appropriately calibrated to the target's specific risk profile."
2026-09-07 04:44:05.276 | INFO     | walk:generate:497 - generation 15/15
CONCEPT_CALIBRATION side=+C alpha=1.0 logit_delta_mean=423.98 KL_mean=0.8605 health=[] text_first="The decomposition should be highly granular, breaking down indemnity obligations by specific IP asset class, jurisdiction, and the distinct nature of each material asset to accurately reflect the target's unique risk profile. This level of detail ensures that the acquisition agreement precisely allocates liability for the concentrated IP, allowing for a fair valuation of the indemnity exposure."
2026-09-07 04:44:08.383 | INFO     | walk:generate:497 - generation 15/15
CONCEPT_CALIBRATION side=+C alpha=1.25 logit_delta_mean=488.85 KL_mean=1.1891 health=[] text_first="The decomposition should be highly granular, breaking down indemnity obligations by specific IP asset classes (e.g., patents, trade secrets, copyrights) and distinct infringement jurisdictions to accurately reflect the target's material IP concentration. This level of detail will enable precise risk allocation and ensure that the indemnity caps and liability limits are calibrated to the unique value and vulnerability of the SaaS platform's intellectual property."
2026-09-07 04:44:11.526 | INFO     | walk:generate:497 - generation 15/15
CONCEPT_CALIBRATION side=+C alpha=1.5 logit_delta_mean=531.16 KL_mean=1.4366 health=[] text_first="The decomposition should be highly granular, breaking down liabilities by specific IP asset class, jurisdiction, and potential litigation outcome to accurately reflect the target's material IP concentration. This level of detail will allow you to isolate the true risk exposure associated with your key intellectual property and negotiate precise indemnity caps for each distinct risk category."
2026-09-07 04:44:15.859 | INFO     | walk:generate:497 - generation 15/15
CONCEPT_CALIBRATION side=+C alpha=2.0 logit_delta_mean=578.24 KL_mean=1.7217 health=[] text_first="The decomposition should be highly granular, breaking down liabilities by specific IP asset class, jurisdiction, and potential litigation outcome to accurately reflect the target's material IP concentration. This level of detail will allow your team to precisely quantify the residual risk and tailor the indemnity caps and carve-outs accordingly."
2026-09-07 04:44:18.811 | INFO     | walk:generate:497 - generation 15/15
CONCEPT_CALIBRATION side=-C alpha=0.0 logit_delta_mean=0 KL_mean=0 health=[] text_first="The decomposition should isolate indemnity liabilities by specific IP asset class and jurisdiction to accurately reflect the target's material concentration risks. This granular approach ensures the purchase price allocation and escrow holdbacks are calibrated precisely to the unique exposure profile of the SaaS business."
2026-09-07 04:44:21.852 | INFO     | walk:generate:497 - generation 15/15
CONCEPT_CALIBRATION side=-C alpha=0.25 logit_delta_mean=27.973 KL_mean=0.0028207 health=[] text_first='The decomposition should isolate specific IP assets and their associated revenue streams to precisely quantify the risk of losing that concentration post-acquisition. This granular approach ensures the indemnity accurately reflects the potential loss of value if those key intellectual properties are compromised or invalidated.'
2026-09-07 04:44:24.904 | INFO     | walk:generate:497 - generation 15/15
CONCEPT_CALIBRATION side=-C alpha=0.5 logit_delta_mean=47.822 KL_mean=0.007291 health=[] text_first='The decomposition should isolate specific IP assets and their associated revenue streams to pinpoint exact liability exposures. This granular approach ensures the indemnity accurately reflects the risk of material IP concentration without over-allocating costs to unrelated business lines.'
2026-09-07 04:44:27.711 | INFO     | walk:generate:497 - generation 15/15
CONCEPT_CALIBRATION side=-C alpha=0.75 logit_delta_mean=65.37 KL_mean=0.01279 health=[] text_first='The decomposition must isolate specific IP assets and their associated revenue streams to accurately quantify the risk of losing that concentration post-acquisition. This granular approach ensures the indemnity reflects the precise financial impact of each distinct technology cluster rather than applying a broad, generic liability cap.'
2026-09-07 04:44:31.185 | INFO     | walk:generate:497 - generation 15/15
CONCEPT_CALIBRATION side=-C alpha=1.0 logit_delta_mean=83.624 KL_mean=0.021545 health=[] text_first='The decomposition must isolate specific IP assets and their associated revenue streams to accurately quantify the risk of losing that concentration post-acquisition. This granular approach ensures the indemnity reflects the precise financial impact of each distinct technology cluster rather than applying a broad, potentially misleading average.'
2026-09-07 04:44:34.452 | INFO     | walk:generate:497 - generation 15/15
CONCEPT_CALIBRATION side=-C alpha=1.25 logit_delta_mean=99.447 KL_mean=0.028478 health=[] text_first='The decomposition must isolate specific IP assets and their associated revenue streams to accurately quantify the risk of losing that concentration post-acquisition. This granular approach ensures the indemnity reflects the true economic impact of IP failure rather than a generic, aggregate liability.'
2026-09-07 04:44:38.088 | INFO     | walk:generate:497 - generation 15/15
CONCEPT_CALIBRATION side=-C alpha=1.5 logit_delta_mean=115.13 KL_mean=0.039588 health=[] text_first='The decomposition must isolate specific IP assets and their associated revenue streams to accurately quantify the risk of losing that concentration post-acquisition. This granular approach ensures the indemnity reflects the true economic impact of IP failure rather than a generic, aggregate liability.'
2026-09-07 04:44:41.706 | INFO     | walk:generate:497 - generation 15/15
CONCEPT_CALIBRATION side=-C alpha=2.0 logit_delta_mean=144.47 KL_mean=0.061076 health=[] text_first='The decomposition must isolate specific IP assets and their associated revenue streams to accurately quantify the risk of losing that concentration post-acquisition. This granular approach ensures the indemnity reflects the true economic impact of IP failure rather than a generic, overbroad liability cap.'
CONCEPT_CALIBRATION_COMPLETE id=j-lens-persona-full-components-calibration-v16 cells=16
✓ Finished downloading files to local!
{
  "source_experiment": "j-lens-persona-full-components-source-v16",
  "source_metadata_sha256": "aa054e789557b9ca4c79c52c93dd3ef8880212f1793c786932a91145bfc4321d",
  "vector_content_sha256": {
    "+C": "1cb043932c0ddd676d1953ef5368fe9744f6878ed002f6c46cb730d9df4cc401",
    "-C": "313bf2a731baf804129cf4036d1321abe915b1abbb6e59870901c658779ce3a5"
  },
  "cohort_sha256": "c0b64ebf1713f71fa5ae6218fbbcb866b15402a98adbead8caf88d5a6a129874",
  "answer_key_sha256": "80d24043bf6c9a51e0225523bf816bc09a
CONCEPT_CALIBRATION_DOWNLOADED output=/workspace/2026/jspace/j-steer_pub/outputs/experiments/j-lens-persona-full-components-calibration-v16
Stopping app - local entrypoint completed.
✓ App completed. View run at
https://modal.com/apps/wassname/main/ap-tOgfe9cW2JXfeONvR38Vpv
