COMMAND: PYTHONUNBUFFERED=1 PYTHONPATH=src uv run --no-sync modal run scripts/scratch/j_lens_transfer_probe.py::launch
✓ Initialized. View run at 
https://modal.com/apps/wassname/main/ap-49QJqvkch6JhN6V9wmw4mE
✓ Created objects.
├── 🔨 Created mount 
│   /workspace/2026/jspace/j-steer_pub/scripts/scratch/j_lens_transfer_probe.py
├── 🔨 Created mount /workspace/2026/jspace/j-steer_pub/src
├── 🔨 Created mount /workspace/2026/jspace/j-steer_pub/data
├── 🔨 Created mount /workspace/2026/jspace/j-steer_pub/scripts
└── 🔨 Created function remote.
Traceback (most recent call last):
  File "/pkg/modal/_runtime/task_lifecycle_manager.py", line 84, in handle_task_lifecycle_exception
    yield
  File "/pkg/modal/_container_entrypoint.py", line 360, in hydrate_function
    service = get_function_service(function_def, _client)
  File "/pkg/modal/_container_entrypoint.py", line 338, in get_function_service
    service = import_single_function_service(
        function_def,
        ser_fun,
    )
  File "/pkg/modal/_runtime/user_code_imports.py", line 509, in import_single_function_service
    module = importlib.import_module(function_def.module_name)
  File "/usr/local/lib/python3.13/importlib/__init__.py", line 88, in import_module
    return _bootstrap._gcd_import(name[level:], package, level)
           ~~~~~~~~~~~~~~~~~~~~~~^^^^^^^^^^^^^^^^^^^^^^^^^^^^^^
  File "<frozen importlib._bootstrap>", line 1387, in _gcd_import
  File "<frozen importlib._bootstrap>", line 1360, in _find_and_load
  File "<frozen importlib._bootstrap>", line 1331, in _find_and_load_unlocked
  File "<frozen importlib._bootstrap>", line 935, in _load_unlocked
  File "<frozen importlib._bootstrap_external>", line 1022, in exec_module
  File "<frozen importlib._bootstrap>", line 488, in _call_with_frames_removed
  File "/root/j_lens_transfer_probe.py", line 14, in <module>
    import j_lens_gap_clamp as gap
ModuleNotFoundError: No module named 'j_lens_gap_clamp'
Runner failed with exception: ModuleNotFoundError("No module named 'j_lens_gap_clamp'")
Traceback (most recent call last):
  File "/pkg/modal/_runtime/task_lifecycle_manager.py", line 84, in handle_task_lifecycle_exception
    yield
  File "/pkg/modal/_container_entrypoint.py", line 360, in hydrate_function
    service = get_function_service(function_def, _client)
  File "/pkg/modal/_container_entrypoint.py", line 338, in get_function_service
    service = import_single_function_service(
        function_def,
        ser_fun,
    )
  File "/pkg/modal/_runtime/user_code_imports.py", line 509, in import_single_function_service
    module = importlib.import_module(function_def.module_name)
  File "/usr/local/lib/python3.13/importlib/__init__.py", line 88, in import_module
    return _bootstrap._gcd_import(name[level:], package, level)
           ~~~~~~~~~~~~~~~~~~~~~~^^^^^^^^^^^^^^^^^^^^^^^^^^^^^^
  File "<frozen importlib._bootstrap>", line 1387, in _gcd_import
  File "<frozen importlib._bootstrap>", line 1360, in _find_and_load
  File "<frozen importlib._bootstrap>", line 1331, in _find_and_load_unlocked
  File "<frozen importlib._bootstrap>", line 935, in _load_unlocked
  File "<frozen importlib._bootstrap_external>", line 1022, in exec_module
  File "<frozen importlib._bootstrap>", line 488, in _call_with_frames_removed
  File "/root/j_lens_transfer_probe.py", line 14, in <module>
    import j_lens_gap_clamp as gap
ModuleNotFoundError: No module named 'j_lens_gap_clamp'
Runner failed with exception: ModuleNotFoundError("No module named 'j_lens_gap_clamp'")
Traceback (most recent call last):
  File "/pkg/modal/_runtime/task_lifecycle_manager.py", line 84, in handle_task_lifecycle_exception
    yield
  File "/pkg/modal/_container_entrypoint.py", line 360, in hydrate_function
    service = get_function_service(function_def, _client)
  File "/pkg/modal/_container_entrypoint.py", line 338, in get_function_service
    service = import_single_function_service(
        function_def,
        ser_fun,
    )
  File "/pkg/modal/_runtime/user_code_imports.py", line 509, in import_single_function_service
    module = importlib.import_module(function_def.module_name)
  File "/usr/local/lib/python3.13/importlib/__init__.py", line 88, in import_module
    return _bootstrap._gcd_import(name[level:], package, level)
           ~~~~~~~~~~~~~~~~~~~~~~^^^^^^^^^^^^^^^^^^^^^^^^^^^^^^
  File "<frozen importlib._bootstrap>", line 1387, in _gcd_import
  File "<frozen importlib._bootstrap>", line 1360, in _find_and_load
  File "<frozen importlib._bootstrap>", line 1331, in _find_and_load_unlocked
  File "<frozen importlib._bootstrap>", line 935, in _load_unlocked
  File "<frozen importlib._bootstrap_external>", line 1022, in exec_module
  File "<frozen importlib._bootstrap>", line 488, in _call_with_frames_removed
  File "/root/j_lens_transfer_probe.py", line 14, in <module>
    import j_lens_gap_clamp as gap
ModuleNotFoundError: No module named 'j_lens_gap_clamp'
Runner failed with exception: ModuleNotFoundError("No module named 'j_lens_gap_clamp'")
Traceback (most recent call last):
Runner failed with exception: ModuleNotFoundError("No module named 'j_lens_gap_clamp'")
  File "/pkg/modal/_runtime/task_lifecycle_manager.py", line 84, in handle_task_lifecycle_exception
    yield
  File "/pkg/modal/_container_entrypoint.py", line 360, in hydrate_function
    service = get_function_service(function_def, _client)
  File "/pkg/modal/_container_entrypoint.py", line 338, in get_function_service
    service = import_single_function_service(
        function_def,
        ser_fun,
    )
  File "/pkg/modal/_runtime/user_code_imports.py", line 509, in import_single_function_service
    module = importlib.import_module(function_def.module_name)
  File "/usr/local/lib/python3.13/importlib/__init__.py", line 88, in import_module
    return _bootstrap._gcd_import(name[level:], package, level)
           ~~~~~~~~~~~~~~~~~~~~~~^^^^^^^^^^^^^^^^^^^^^^^^^^^^^^
  File "<frozen importlib._bootstrap>", line 1387, in _gcd_import
  File "<frozen importlib._bootstrap>", line 1360, in _find_and_load
  File "<frozen importlib._bootstrap>", line 1331, in _find_and_load_unlocked
  File "<frozen importlib._bootstrap>", line 935, in _load_unlocked
  File "<frozen importlib._bootstrap_external>", line 1022, in exec_module
  File "<frozen importlib._bootstrap>", line 488, in _call_with_frames_removed
  File "/root/j_lens_transfer_probe.py", line 14, in <module>
    import j_lens_gap_clamp as gap
ModuleNotFoundError: No module named 'j_lens_gap_clamp'
Traceback (most recent call last):
Runner failed with exception: ModuleNotFoundError("No module named 'j_lens_gap_clamp'")
  File "/pkg/modal/_runtime/task_lifecycle_manager.py", line 84, in handle_task_lifecycle_exception
    yield
  File "/pkg/modal/_container_entrypoint.py", line 360, in hydrate_function
    service = get_function_service(function_def, _client)
  File "/pkg/modal/_container_entrypoint.py", line 338, in get_function_service
    service = import_single_function_service(
        function_def,
        ser_fun,
    )
  File "/pkg/modal/_runtime/user_code_imports.py", line 509, in import_single_function_service
    module = importlib.import_module(function_def.module_name)
  File "/usr/local/lib/python3.13/importlib/__init__.py", line 88, in import_module
    return _bootstrap._gcd_import(name[level:], package, level)
           ~~~~~~~~~~~~~~~~~~~~~~^^^^^^^^^^^^^^^^^^^^^^^^^^^^^^
  File "<frozen importlib._bootstrap>", line 1387, in _gcd_import
  File "<frozen importlib._bootstrap>", line 1360, in _find_and_load
  File "<frozen importlib._bootstrap>", line 1331, in _find_and_load_unlocked
  File "<frozen importlib._bootstrap>", line 935, in _load_unlocked
  File "<frozen importlib._bootstrap_external>", line 1022, in exec_module
  File "<frozen importlib._bootstrap>", line 488, in _call_with_frames_removed
  File "/root/j_lens_transfer_probe.py", line 14, in <module>
    import j_lens_gap_clamp as gap
ModuleNotFoundError: No module named 'j_lens_gap_clamp'
Traceback (most recent call last):
  File "/pkg/modal/_runtime/task_lifecycle_manager.py", line 84, in handle_task_lifecycle_exception
    yield
  File "/pkg/modal/_container_entrypoint.py", line 360, in hydrate_function
    service = get_function_service(function_def, _client)
  File "/pkg/modal/_container_entrypoint.py", line 338, in get_function_service
    service = import_single_function_service(
        function_def,
        ser_fun,
    )
  File "/pkg/modal/_runtime/user_code_imports.py", line 509, in import_single_function_service
    module = importlib.import_module(function_def.module_name)
  File "/usr/local/lib/python3.13/importlib/__init__.py", line 88, in import_module
    return _bootstrap._gcd_import(name[level:], package, level)
           ~~~~~~~~~~~~~~~~~~~~~~^^^^^^^^^^^^^^^^^^^^^^^^^^^^^^
  File "<frozen importlib._bootstrap>", line 1387, in _gcd_import
  File "<frozen importlib._bootstrap>", line 1360, in _find_and_load
  File "<frozen importlib._bootstrap>", line 1331, in _find_and_load_unlocked
  File "<frozen importlib._bootstrap>", line 935, in _load_unlocked
  File "<frozen importlib._bootstrap_external>", line 1022, in exec_module
  File "<frozen importlib._bootstrap>", line 488, in _call_with_frames_removed
  File "/root/j_lens_transfer_probe.py", line 14, in <module>
    import j_lens_gap_clamp as gap
ModuleNotFoundError: No module named 'j_lens_gap_clamp'
Runner failed with exception: ModuleNotFoundError("No module named 'j_lens_gap_clamp'")
Traceback (most recent call last):
  File "/pkg/modal/_runtime/task_lifecycle_manager.py", line 84, in handle_task_lifecycle_exception
    yield
  File "/pkg/modal/_container_entrypoint.py", line 360, in hydrate_function
    service = get_function_service(function_def, _client)
  File "/pkg/modal/_container_entrypoint.py", line 338, in get_function_service
    service = import_single_function_service(
        function_def,
        ser_fun,
    )
  File "/pkg/modal/_runtime/user_code_imports.py", line 509, in import_single_function_service
    module = importlib.import_module(function_def.module_name)
  File "/usr/local/lib/python3.13/importlib/__init__.py", line 88, in import_module
    return _bootstrap._gcd_import(name[level:], package, level)
           ~~~~~~~~~~~~~~~~~~~~~~^^^^^^^^^^^^^^^^^^^^^^^^^^^^^^
  File "<frozen importlib._bootstrap>", line 1387, in _gcd_import
  File "<frozen importlib._bootstrap>", line 1360, in _find_and_load
  File "<frozen importlib._bootstrap>", line 1331, in _find_and_load_unlocked
  File "<frozen importlib._bootstrap>", line 935, in _load_unlocked
  File "<frozen importlib._bootstrap_external>", line 1022, in exec_module
  File "<frozen importlib._bootstrap>", line 488, in _call_with_frames_removed
  File "/root/j_lens_transfer_probe.py", line 14, in <module>
    import j_lens_gap_clamp as gap
ModuleNotFoundError: No module named 'j_lens_gap_clamp'
Runner failed with exception: ModuleNotFoundError("No module named 'j_lens_gap_clamp'")
Traceback (most recent call last):
Runner failed with exception: ModuleNotFoundError("No module named 'j_lens_gap_clamp'")
  File "/pkg/modal/_runtime/task_lifecycle_manager.py", line 84, in handle_task_lifecycle_exception
    yield
  File "/pkg/modal/_container_entrypoint.py", line 360, in hydrate_function
    service = get_function_service(function_def, _client)
  File "/pkg/modal/_container_entrypoint.py", line 338, in get_function_service
    service = import_single_function_service(
        function_def,
        ser_fun,
    )
  File "/pkg/modal/_runtime/user_code_imports.py", line 509, in import_single_function_service
    module = importlib.import_module(function_def.module_name)
  File "/usr/local/lib/python3.13/importlib/__init__.py", line 88, in import_module
    return _bootstrap._gcd_import(name[level:], package, level)
           ~~~~~~~~~~~~~~~~~~~~~~^^^^^^^^^^^^^^^^^^^^^^^^^^^^^^
  File "<frozen importlib._bootstrap>", line 1387, in _gcd_import
  File "<frozen importlib._bootstrap>", line 1360, in _find_and_load
  File "<frozen importlib._bootstrap>", line 1331, in _find_and_load_unlocked
  File "<frozen importlib._bootstrap>", line 935, in _load_unlocked
  File "<frozen importlib._bootstrap_external>", line 1022, in exec_module
  File "<frozen importlib._bootstrap>", line 488, in _call_with_frames_removed
  File "/root/j_lens_transfer_probe.py", line 14, in <module>
    import j_lens_gap_clamp as gap
ModuleNotFoundError: No module named 'j_lens_gap_clamp'
Traceback (most recent call last):
  File "/pkg/modal/_runtime/task_lifecycle_manager.py", line 84, in handle_task_lifecycle_exception
    yield
  File "/pkg/modal/_container_entrypoint.py", line 360, in hydrate_function
    service = get_function_service(function_def, _client)
  File "/pkg/modal/_container_entrypoint.py", line 338, in get_function_service
    service = import_single_function_service(
        function_def,
        ser_fun,
    )
  File "/pkg/modal/_runtime/user_code_imports.py", line 509, in import_single_function_service
    module = importlib.import_module(function_def.module_name)
  File "/usr/local/lib/python3.13/importlib/__init__.py", line 88, in import_module
    return _bootstrap._gcd_import(name[level:], package, level)
           ~~~~~~~~~~~~~~~~~~~~~~^^^^^^^^^^^^^^^^^^^^^^^^^^^^^^
  File "<frozen importlib._bootstrap>", line 1387, in _gcd_import
  File "<frozen importlib._bootstrap>", line 1360, in _find_and_load
  File "<frozen importlib._bootstrap>", line 1331, in _find_and_load_unlocked
  File "<frozen importlib._bootstrap>", line 935, in _load_unlocked
  File "<frozen importlib._bootstrap_external>", line 1022, in exec_module
  File "<frozen importlib._bootstrap>", line 488, in _call_with_frames_removed
  File "/root/j_lens_transfer_probe.py", line 14, in <module>
    import j_lens_gap_clamp as gap
ModuleNotFoundError: No module named 'j_lens_gap_clamp'
Runner failed with exception: ModuleNotFoundError("No module named 'j_lens_gap_clamp'")
Traceback (most recent call last):
  File "/pkg/modal/_runtime/task_lifecycle_manager.py", line 84, in handle_task_lifecycle_exception
    yield
  File "/pkg/modal/_container_entrypoint.py", line 360, in hydrate_function
    service = get_function_service(function_def, _client)
  File "/pkg/modal/_container_entrypoint.py", line 338, in get_function_service
    service = import_single_function_service(
        function_def,
        ser_fun,
    )
  File "/pkg/modal/_runtime/user_code_imports.py", line 509, in import_single_function_service
    module = importlib.import_module(function_def.module_name)
  File "/usr/local/lib/python3.13/importlib/__init__.py", line 88, in import_module
    return _bootstrap._gcd_import(name[level:], package, level)
           ~~~~~~~~~~~~~~~~~~~~~~^^^^^^^^^^^^^^^^^^^^^^^^^^^^^^
  File "<frozen importlib._bootstrap>", line 1387, in _gcd_import
  File "<frozen importlib._bootstrap>", line 1360, in _find_and_load
  File "<frozen importlib._bootstrap>", line 1331, in _find_and_load_unlocked
  File "<frozen importlib._bootstrap>", line 935, in _load_unlocked
  File "<frozen importlib._bootstrap_external>", line 1022, in exec_module
  File "<frozen importlib._bootstrap>", line 488, in _call_with_frames_removed
  File "/root/j_lens_transfer_probe.py", line 14, in <module>
    import j_lens_gap_clamp as gap
ModuleNotFoundError: No module named 'j_lens_gap_clamp'
Runner failed with exception: ModuleNotFoundError("No module named 'j_lens_gap_clamp'")
Traceback (most recent call last):
  File "/pkg/modal/_runtime/task_lifecycle_manager.py", line 84, in handle_task_lifecycle_exception
    yield
  File "/pkg/modal/_container_entrypoint.py", line 360, in hydrate_function
    service = get_function_service(function_def, _client)
  File "/pkg/modal/_container_entrypoint.py", line 338, in get_function_service
    service = import_single_function_service(
        function_def,
        ser_fun,
    )
  File "/pkg/modal/_runtime/user_code_imports.py", line 509, in import_single_function_service
    module = importlib.import_module(function_def.module_name)
  File "/usr/local/lib/python3.13/importlib/__init__.py", line 88, in import_module
    return _bootstrap._gcd_import(name[level:], package, level)
           ~~~~~~~~~~~~~~~~~~~~~~^^^^^^^^^^^^^^^^^^^^^^^^^^^^^^
  File "<frozen importlib._bootstrap>", line 1387, in _gcd_import
  File "<frozen importlib._bootstrap>", line 1360, in _find_and_load
  File "<frozen importlib._bootstrap>", line 1331, in _find_and_load_unlocked
  File "<frozen importlib._bootstrap>", line 935, in _load_unlocked
  File "<frozen importlib._bootstrap_external>", line 1022, in exec_module
  File "<frozen importlib._bootstrap>", line 488, in _call_with_frames_removed
  File "/root/j_lens_transfer_probe.py", line 14, in <module>
    import j_lens_gap_clamp as gap
ModuleNotFoundError: No module named 'j_lens_gap_clamp'
Runner failed with exception: ModuleNotFoundError("No module named 'j_lens_gap_clamp'")
Traceback (most recent call last):
  File "/pkg/modal/_runtime/task_lifecycle_manager.py", line 84, in handle_task_lifecycle_exception
    yield
  File "/pkg/modal/_container_entrypoint.py", line 360, in hydrate_function
    service = get_function_service(function_def, _client)
  File "/pkg/modal/_container_entrypoint.py", line 338, in get_function_service
    service = import_single_function_service(
        function_def,
        ser_fun,
    )
  File "/pkg/modal/_runtime/user_code_imports.py", line 509, in import_single_function_service
    module = importlib.import_module(function_def.module_name)
  File "/usr/local/lib/python3.13/importlib/__init__.py", line 88, in import_module
    return _bootstrap._gcd_import(name[level:], package, level)
           ~~~~~~~~~~~~~~~~~~~~~~^^^^^^^^^^^^^^^^^^^^^^^^^^^^^^
  File "<frozen importlib._bootstrap>", line 1387, in _gcd_import
  File "<frozen importlib._bootstrap>", line 1360, in _find_and_load
  File "<frozen importlib._bootstrap>", line 1331, in _find_and_load_unlocked
  File "<frozen importlib._bootstrap>", line 935, in _load_unlocked
  File "<frozen importlib._bootstrap_external>", line 1022, in exec_module
  File "<frozen importlib._bootstrap>", line 488, in _call_with_frames_removed
  File "/root/j_lens_transfer_probe.py", line 14, in <module>
    import j_lens_gap_clamp as gap
ModuleNotFoundError: No module named 'j_lens_gap_clamp'
Runner failed with exception: ModuleNotFoundError("No module named 'j_lens_gap_clamp'")
Traceback (most recent call last):
  File "/pkg/modal/_runtime/task_lifecycle_manager.py", line 84, in handle_task_lifecycle_exception
    yield
  File "/pkg/modal/_container_entrypoint.py", line 360, in hydrate_function
    service = get_function_service(function_def, _client)
  File "/pkg/modal/_container_entrypoint.py", line 338, in get_function_service
    service = import_single_function_service(
        function_def,
        ser_fun,
    )
  File "/pkg/modal/_runtime/user_code_imports.py", line 509, in import_single_function_service
    module = importlib.import_module(function_def.module_name)
  File "/usr/local/lib/python3.13/importlib/__init__.py", line 88, in import_module
    return _bootstrap._gcd_import(name[level:], package, level)
           ~~~~~~~~~~~~~~~~~~~~~~^^^^^^^^^^^^^^^^^^^^^^^^^^^^^^
  File "<frozen importlib._bootstrap>", line 1387, in _gcd_import
  File "<frozen importlib._bootstrap>", line 1360, in _find_and_load
  File "<frozen importlib._bootstrap>", line 1331, in _find_and_load_unlocked
  File "<frozen importlib._bootstrap>", line 935, in _load_unlocked
  File "<frozen importlib._bootstrap_external>", line 1022, in exec_module
  File "<frozen importlib._bootstrap>", line 488, in _call_with_frames_removed
  File "/root/j_lens_transfer_probe.py", line 14, in <module>
    import j_lens_gap_clamp as gap
ModuleNotFoundError: No module named 'j_lens_gap_clamp'
Function j_lens_transfer_probe.remote is crash-looping: containers are repeatedly failing to start.
Runner failed with exception: ModuleNotFoundError("No module named 'j_lens_gap_clamp'")
