2026-09-07 00:40:40.162 | INFO     | __main__:experiment_rows:297 - experiment manifest id=j-lens-persona-prompt-control-dev-v1 profile=dev cells=2 demo_sides=30
2026-09-07 00:40:41.516 | INFO     | __main__:cached_keys:330 - cache scan records=20000 valid_keys=0
2026-09-07 00:40:42.936 | INFO     | __main__:cached_keys:330 - cache scan records=40000 valid_keys=0
2026-09-07 00:40:44.514 | INFO     | __main__:cached_keys:330 - cache scan records=60000 valid_keys=0
2026-09-07 00:40:45.985 | INFO     | __main__:cached_keys:330 - cache scan records=80000 valid_keys=11699
2026-09-07 00:40:47.254 | INFO     | __main__:cached_keys:330 - cache scan records=100000 valid_keys=31699
2026-09-07 00:40:48.493 | INFO     | __main__:cached_keys:330 - cache scan records=120000 valid_keys=51368
2026-09-07 00:40:49.547 | INFO     | __main__:cached_keys:330 - cache scan records=140000 valid_keys=71368
2026-09-07 00:40:50.591 | INFO     | __main__:cached_keys:330 - cache scan records=160000 valid_keys=91368
2026-09-07 00:40:51.418 | INFO     | __main__:cached_keys:330 - cache scan records=180000 valid_keys=111368
2026-09-07 00:40:52.277 | INFO     | __main__:cached_keys:330 - cache scan records=200000 valid_keys=130444
2026-09-07 00:40:53.437 | INFO     | __main__:cached_keys:330 - cache scan records=220000 valid_keys=150271
2026-09-07 00:40:54.616 | INFO     | __main__:main:670 - CACHE_CHECK required=30 cached=0 missing=30 API_calls=30
2026-09-07 00:41:10.116 | INFO     | __main__:run:632 - judge progress=30/30
2026-09-07 00:41:10.687 | INFO     | __main__:cached_keys:330 - cache scan records=20000 valid_keys=0
2026-09-07 00:41:11.185 | INFO     | __main__:cached_keys:330 - cache scan records=40000 valid_keys=0
2026-09-07 00:41:11.810 | INFO     | __main__:cached_keys:330 - cache scan records=60000 valid_keys=0
2026-09-07 00:41:12.364 | INFO     | __main__:cached_keys:330 - cache scan records=80000 valid_keys=11699
2026-09-07 00:41:12.887 | INFO     | __main__:cached_keys:330 - cache scan records=100000 valid_keys=31699
2026-09-07 00:41:13.418 | INFO     | __main__:cached_keys:330 - cache scan records=120000 valid_keys=51368
2026-09-07 00:41:13.938 | INFO     | __main__:cached_keys:330 - cache scan records=140000 valid_keys=71368
2026-09-07 00:41:14.405 | INFO     | __main__:cached_keys:330 - cache scan records=160000 valid_keys=91368
2026-09-07 00:41:14.827 | INFO     | __main__:cached_keys:330 - cache scan records=180000 valid_keys=111368
2026-09-07 00:41:15.199 | INFO     | __main__:cached_keys:330 - cache scan records=200000 valid_keys=130444
2026-09-07 00:41:15.697 | INFO     | __main__:cached_keys:330 - cache scan records=220000 valid_keys=150271
2026-09-07 00:41:16.087 | INFO     | __main__:main:683 - JUDGE_COMPLETE required=30 missing=0
