COMMIT: 8a57adf5469ecd1b441e68b9978b6bf19861489f
WHY: both signs of the all-layer contrast moved judged behavior negative; test whether repeated layer application causes the non-bipolar response.
SCALE: each band uses the same within-vector per-layer coefficient as the all-layer run at nominal C=0.125 that produced task-responsive answers. Each manifest records realized patch/residual ratios and final-token KL; do not compare this coefficient across methods.
COMMAND: uv run python scripts/experiment.py j_lens_concept --dev --experiment-id j-lens-concept-dev-v3-lower --reuse-extraction-from j-lens-concept-dev-v1 --concept-layers 6,7,8,9,10,11 --coefficients-plus 0.125 --coefficients-minus 0.125
✓ Initialized. View run at 
https://modal.com/apps/wassname/main/ap-jdMUfhbQ42DYNtPcnueYbs
✓ Created objects.
├── 🔨 Created mount /workspace/2026/jspace/j-steer_pub/scripts/run_modal.py
├── 🔨 Created mount /workspace/2026/jspace/j-steer_pub/src
├── 🔨 Created mount /workspace/2026/jspace/j-steer_pub/scripts
├── 🔨 Created mount /workspace/2026/jspace/j-steer_pub/data
├── 🔨 Created function run.
├── 🔨 Created function extract_experiment_remote.
├── 🔨 Created function run_experiment.
└── 🔨 Created function diagnose_j_lens_remote.

[1AFetching 14 files:   0%|          | 0/14 [00:00<?, ?it/s]
[1AFetching 14 files: 100%|██████████| 14/14 [00:00<00:00, 1105.53it/s]
Warning: You are sending unauthenticated requests to the HF Hub. Please set a HF_TOKEN to enable higher rate limits and faster downloads.

[1AFetching 2 files:   0%|          | 0/2 [00:00<?, ?it/s]
[1AFetching 2 files: 100%|██████████| 2/2 [00:00<00:00, 736.94it/s]
[transformers] The fast path is not available because one of the required library is not installed. Falling back to torch implementation. To install follow https://github.com/fla-org/flash-linear-attention#installation and https://github.com/Dao-AILab/causal-conv1d

[1ALoading weights:   0%|          | 0/426 [00:00<?, ?it/s]
[1ALoading weights:   4%|▍         | 19/426 [00:00<00:02, 186.42it/s]
[1ALoading weights:   9%|▉         | 38/426 [00:00<00:02, 130.90it/s]
[1ALoading weights:  14%|█▎        | 58/426 [00:00<00:02, 155.11it/s]
[1ALoading weights:  18%|█▊        | 75/426 [00:00<00:02, 153.03it/s]
[1ALoading weights:  22%|██▏       | 93/426 [00:00<00:02, 156.21it/s]
[1ALoading weights:  27%|██▋       | 113/426 [00:00<00:01, 159.06it/s]
[1ALoading weights:  34%|███▍      | 144/426 [00:00<00:01, 201.08it/s]
[1ALoading weights:  39%|███▊      | 165/426 [00:00<00:01, 177.18it/s]
[1ALoading weights:  45%|████▌     | 193/426 [00:01<00:01, 201.47it/s]
[1ALoading weights:  50%|█████     | 215/426 [00:01<00:01, 180.29it/s]
[1ALoading weights:  58%|█████▊    | 248/426 [00:01<00:00, 215.95it/s]
[1ALoading weights:  64%|██████▎   | 271/426 [00:01<00:00, 196.18it/s]
[1ALoading weights:  69%|██████▊   | 292/426 [00:01<00:00, 194.12it/s]
[1ALoading weights:  73%|███████▎  | 313/426 [00:01<00:00, 192.04it/s]
[1ALoading weights:  78%|███████▊  | 333/426 [00:01<00:00, 181.27it/s]
[1ALoading weights:  84%|████████▎ | 356/426 [00:01<00:00, 187.59it/s]
[1ALoading weights: 100%|██████████| 426/426 [00:02<00:00, 211.97it/s]
2026-09-05 11:38:33.284 | WARNING  | __main__:validate_extraction_identity:243 - EXPLICIT_LEGACY_EXTRACTION_REUSE source_implementation=fc65ee58b5f5b4fc5d952cd0439f0e0f84f7f2ede2e06e7d1bb2134ff0085d31 current_implementation=19d7e58c74450db3609e422c157c69471f55705490cf88e9c433a6e1e525a370
2026-09-05 11:38:44.697 | INFO     | walk:generate:481 - generation 15/15
2026-09-05 11:38:47.374 | INFO     | walk:generate:481 - generation 15/15
2026-09-05 11:38:53.333 | INFO     | walk:generate:481 - generation 15/15
2026-09-05 11:38:54.349 | INFO     | __main__:gpu_stage:748 - GPU_STAGE_COMPLETE experiment=j-lens-concept-dev-v3-lower profile=dev cells=2
EXPERIMENT_GPU_COMPLETE id=j-lens-concept-dev-v3-lower profile=dev cells=2
Stopping app - local entrypoint completed.
✓ App completed. View run at 
https://modal.com/apps/wassname/main/ap-jdMUfhbQ42DYNtPcnueYbs
✓ Finished downloading files to local!
2026-09-05 19:39:15.636 | INFO     | __main__:experiment_rows:297 - experiment manifest id=j-lens-concept-dev-v3-lower profile=dev cells=2 demo_sides=30
2026-09-05 19:39:16.120 | INFO     | __main__:cached_keys:330 - cache scan records=20000 valid_keys=0
2026-09-05 19:39:16.601 | INFO     | __main__:cached_keys:330 - cache scan records=40000 valid_keys=0
2026-09-05 19:39:17.162 | INFO     | __main__:cached_keys:330 - cache scan records=60000 valid_keys=0
2026-09-05 19:39:17.739 | INFO     | __main__:cached_keys:330 - cache scan records=80000 valid_keys=11699
2026-09-05 19:39:18.263 | INFO     | __main__:cached_keys:330 - cache scan records=100000 valid_keys=31699
2026-09-05 19:39:18.755 | INFO     | __main__:cached_keys:330 - cache scan records=120000 valid_keys=51368
2026-09-05 19:39:19.200 | INFO     | __main__:cached_keys:330 - cache scan records=140000 valid_keys=71368
2026-09-05 19:39:19.693 | INFO     | __main__:cached_keys:330 - cache scan records=160000 valid_keys=91368
2026-09-05 19:39:20.095 | INFO     | __main__:cached_keys:330 - cache scan records=180000 valid_keys=111368
2026-09-05 19:39:20.475 | INFO     | __main__:cached_keys:330 - cache scan records=200000 valid_keys=130444
2026-09-05 19:39:20.856 | INFO     | __main__:cached_keys:330 - cache scan records=220000 valid_keys=150271
2026-09-05 19:39:21.175 | INFO     | __main__:main:670 - CACHE_CHECK required=30 cached=6 missing=24 API_calls=24
2026-09-05 19:39:33.117 | INFO     | __main__:run:632 - judge progress=24/24
2026-09-05 19:39:33.602 | INFO     | __main__:cached_keys:330 - cache scan records=20000 valid_keys=0
2026-09-05 19:39:34.121 | INFO     | __main__:cached_keys:330 - cache scan records=40000 valid_keys=0
2026-09-05 19:39:34.690 | INFO     | __main__:cached_keys:330 - cache scan records=60000 valid_keys=0
2026-09-05 19:39:35.285 | INFO     | __main__:cached_keys:330 - cache scan records=80000 valid_keys=11699
2026-09-05 19:39:35.849 | INFO     | __main__:cached_keys:330 - cache scan records=100000 valid_keys=31699
2026-09-05 19:39:36.414 | INFO     | __main__:cached_keys:330 - cache scan records=120000 valid_keys=51368
2026-09-05 19:39:36.900 | INFO     | __main__:cached_keys:330 - cache scan records=140000 valid_keys=71368
2026-09-05 19:39:37.373 | INFO     | __main__:cached_keys:330 - cache scan records=160000 valid_keys=91368
2026-09-05 19:39:37.821 | INFO     | __main__:cached_keys:330 - cache scan records=180000 valid_keys=111368
2026-09-05 19:39:38.261 | INFO     | __main__:cached_keys:330 - cache scan records=200000 valid_keys=130444
2026-09-05 19:39:38.674 | INFO     | __main__:cached_keys:330 - cache scan records=220000 valid_keys=150271
2026-09-05 19:39:38.997 | INFO     | __main__:main:683 - JUDGE_COMPLETE required=30 missing=0
2026-09-05 19:39:42.257 | INFO     | judge:experiment_rows:297 - experiment manifest id=j-lens-concept-dev-v3-lower profile=dev cells=2 demo_sides=30
EXPERIMENT_EXPORT_COMPLETE id=j-lens-concept-dev-v3-lower profile=dev arms=2 scenarios=30
COMMAND: uv run python scripts/experiment.py j_lens_concept --dev --experiment-id j-lens-concept-dev-v3-middle --reuse-extraction-from j-lens-concept-dev-v1 --concept-layers 12,13,14,15,16,17 --coefficients-plus 0.125 --coefficients-minus 0.125
✓ Initialized. View run at 
https://modal.com/apps/wassname/main/ap-QNoRz0O3Gf79EszoSrbjB3
✓ Created objects.
├── 🔨 Created mount /workspace/2026/jspace/j-steer_pub/scripts/run_modal.py
├── 🔨 Created mount /workspace/2026/jspace/j-steer_pub/src
├── 🔨 Created mount /workspace/2026/jspace/j-steer_pub/scripts
├── 🔨 Created mount /workspace/2026/jspace/j-steer_pub/data
├── 🔨 Created function run.
├── 🔨 Created function extract_experiment_remote.
├── 🔨 Created function run_experiment.
└── 🔨 Created function diagnose_j_lens_remote.

[1AFetching 14 files:   0%|          | 0/14 [00:00<?, ?it/s]
[1AFetching 14 files: 100%|██████████| 14/14 [00:00<00:00, 416.57it/s]
Warning: You are sending unauthenticated requests to the HF Hub. Please set a HF_TOKEN to enable higher rate limits and faster downloads.

[1AFetching 2 files:   0%|          | 0/2 [00:00<?, ?it/s]Fetching 2 files: 100%|██████████| 2/2 [00:00<00:00, 329.90it/s]
[transformers] The fast path is not available because one of the required library is not installed. Falling back to torch implementation. To install follow https://github.com/fla-org/flash-linear-attention#installation and https://github.com/Dao-AILab/causal-conv1d

[1ALoading weights:   0%|          | 0/426 [00:00<?, ?it/s]
[1ALoading weights:   3%|▎         | 14/426 [00:00<00:03, 128.64it/s]
[1ALoading weights:   6%|▋         | 27/426 [00:00<00:03, 122.87it/s]
[1ALoading weights:   9%|▉         | 40/426 [00:00<00:03, 110.08it/s]
[1ALoading weights:  13%|█▎        | 54/426 [00:00<00:03, 119.96it/s]
[1ALoading weights:  17%|█▋        | 73/426 [00:00<00:02, 141.35it/s]
[1ALoading weights:  21%|██        | 88/426 [00:00<00:02, 123.65it/s]
[1ALoading weights:  26%|██▌       | 111/426 [00:00<00:02, 148.59it/s]
[1ALoading weights:  30%|██▉       | 127/426 [00:00<00:02, 146.57it/s]
[1ALoading weights:  33%|███▎      | 142/426 [00:01<00:01, 142.50it/s]
[1ALoading weights:  37%|███▋      | 157/426 [00:01<00:01, 135.64it/s]
[1ALoading weights:  41%|████      | 174/426 [00:01<00:01, 134.85it/s]
[1ALoading weights:  47%|████▋     | 199/426 [00:01<00:01, 164.17it/s]
[1ALoading weights:  51%|█████     | 216/426 [00:01<00:01, 140.52it/s]
[1ALoading weights:  54%|█████▍    | 231/426 [00:01<00:01, 139.53it/s]
[1ALoading weights:  58%|█████▊    | 248/426 [00:01<00:01, 146.34it/s]
[1ALoading weights:  62%|██████▏   | 266/426 [00:01<00:01, 152.08it/s]
[1ALoading weights: 100%|██████████| 426/426 [00:01<00:00, 214.57it/s]
2026-09-05 11:40:23.074 | WARNING  | __main__:validate_extraction_identity:243 - EXPLICIT_LEGACY_EXTRACTION_REUSE source_implementation=fc65ee58b5f5b4fc5d952cd0439f0e0f84f7f2ede2e06e7d1bb2134ff0085d31 current_implementation=19d7e58c74450db3609e422c157c69471f55705490cf88e9c433a6e1e525a370
2026-09-05 11:40:23.562 | INFO     | __main__:load_or_extract:290 - EXTRACTION_REUSED source=j-lens-concept-dev-v1 hashes={'+C': '8841bc93cf13558a0b01c61d8fdeb737437ee82389754c786d4dd02f351e0f97', '-C': '8841bc93cf13558a0b01c61d8fdeb737437ee82389754c786d4dd02f351e0f97'}
2026-09-05 11:40:37.230 | INFO     | walk:generate:481 - generation 15/15
2026-09-05 11:40:40.158 | INFO     | walk:generate:481 - generation 15/15
2026-09-05 11:40:45.254 | INFO     | walk:generate:481 - generation 15/15
2026-09-05 11:40:46.352 | INFO     | __main__:gpu_stage:748 - GPU_STAGE_COMPLETE experiment=j-lens-concept-dev-v3-middle profile=dev cells=2
EXPERIMENT_GPU_COMPLETE id=j-lens-concept-dev-v3-middle profile=dev cells=2
Stopping app - local entrypoint completed.
✓ App completed. View run at 
https://modal.com/apps/wassname/main/ap-QNoRz0O3Gf79EszoSrbjB3
✓ Finished downloading files to local!
2026-09-05 19:41:03.671 | INFO     | __main__:experiment_rows:297 - experiment manifest id=j-lens-concept-dev-v3-middle profile=dev cells=2 demo_sides=30
2026-09-05 19:41:04.144 | INFO     | __main__:cached_keys:330 - cache scan records=20000 valid_keys=0
2026-09-05 19:41:04.648 | INFO     | __main__:cached_keys:330 - cache scan records=40000 valid_keys=0
2026-09-05 19:41:05.271 | INFO     | __main__:cached_keys:330 - cache scan records=60000 valid_keys=0
2026-09-05 19:41:05.798 | INFO     | __main__:cached_keys:330 - cache scan records=80000 valid_keys=11699
2026-09-05 19:41:06.322 | INFO     | __main__:cached_keys:330 - cache scan records=100000 valid_keys=31699
2026-09-05 19:41:06.829 | INFO     | __main__:cached_keys:330 - cache scan records=120000 valid_keys=51368
2026-09-05 19:41:07.337 | INFO     | __main__:cached_keys:330 - cache scan records=140000 valid_keys=71368
2026-09-05 19:41:07.798 | INFO     | __main__:cached_keys:330 - cache scan records=160000 valid_keys=91368
2026-09-05 19:41:08.205 | INFO     | __main__:cached_keys:330 - cache scan records=180000 valid_keys=111368
2026-09-05 19:41:08.591 | INFO     | __main__:cached_keys:330 - cache scan records=200000 valid_keys=130444
2026-09-05 19:41:09.019 | INFO     | __main__:cached_keys:330 - cache scan records=220000 valid_keys=150271
2026-09-05 19:41:09.303 | INFO     | __main__:main:670 - CACHE_CHECK required=30 cached=9 missing=21 API_calls=21
2026-09-05 19:41:19.508 | INFO     | __main__:run:632 - judge progress=21/21
2026-09-05 19:41:20.044 | INFO     | __main__:cached_keys:330 - cache scan records=20000 valid_keys=0
2026-09-05 19:41:20.553 | INFO     | __main__:cached_keys:330 - cache scan records=40000 valid_keys=0
2026-09-05 19:41:21.119 | INFO     | __main__:cached_keys:330 - cache scan records=60000 valid_keys=0
2026-09-05 19:41:21.749 | INFO     | __main__:cached_keys:330 - cache scan records=80000 valid_keys=11699
2026-09-05 19:41:22.287 | INFO     | __main__:cached_keys:330 - cache scan records=100000 valid_keys=31699
2026-09-05 19:41:22.762 | INFO     | __main__:cached_keys:330 - cache scan records=120000 valid_keys=51368
2026-09-05 19:41:23.174 | INFO     | __main__:cached_keys:330 - cache scan records=140000 valid_keys=71368
2026-09-05 19:41:23.591 | INFO     | __main__:cached_keys:330 - cache scan records=160000 valid_keys=91368
2026-09-05 19:41:24.012 | INFO     | __main__:cached_keys:330 - cache scan records=180000 valid_keys=111368
2026-09-05 19:41:24.397 | INFO     | __main__:cached_keys:330 - cache scan records=200000 valid_keys=130444
2026-09-05 19:41:24.814 | INFO     | __main__:cached_keys:330 - cache scan records=220000 valid_keys=150271
2026-09-05 19:41:25.107 | INFO     | __main__:main:683 - JUDGE_COMPLETE required=30 missing=0
2026-09-05 19:41:27.835 | INFO     | judge:experiment_rows:297 - experiment manifest id=j-lens-concept-dev-v3-middle profile=dev cells=2 demo_sides=30
EXPERIMENT_EXPORT_COMPLETE id=j-lens-concept-dev-v3-middle profile=dev arms=2 scenarios=30
COMMAND: uv run python scripts/experiment.py j_lens_concept --dev --experiment-id j-lens-concept-dev-v3-upper --reuse-extraction-from j-lens-concept-dev-v1 --concept-layers 18,19,20,21,22,23,24 --coefficients-plus 0.125 --coefficients-minus 0.125
✓ Initialized. View run at 
https://modal.com/apps/wassname/main/ap-Ew5W5U1tAeM0PCwNayfEoK
✓ Created objects.
├── 🔨 Created mount /workspace/2026/jspace/j-steer_pub/scripts/run_modal.py
├── 🔨 Created mount /workspace/2026/jspace/j-steer_pub/src
├── 🔨 Created mount /workspace/2026/jspace/j-steer_pub/scripts
├── 🔨 Created mount /workspace/2026/jspace/j-steer_pub/data
├── 🔨 Created function run.
├── 🔨 Created function extract_experiment_remote.
├── 🔨 Created function run_experiment.
└── 🔨 Created function diagnose_j_lens_remote.

[1AFetching 14 files:   0%|          | 0/14 [00:00<?, ?it/s]
[1AFetching 14 files: 100%|██████████| 14/14 [00:00<00:00, 1408.56it/s]
Warning: You are sending unauthenticated requests to the HF Hub. Please set a HF_TOKEN to enable higher rate limits and faster downloads.

[1AFetching 2 files:   0%|          | 0/2 [00:00<?, ?it/s]
[1AFetching 2 files: 100%|██████████| 2/2 [00:00<00:00, 841.22it/s]
[transformers] The fast path is not available because one of the required library is not installed. Falling back to torch implementation. To install follow https://github.com/fla-org/flash-linear-attention#installation and https://github.com/Dao-AILab/causal-conv1d

[1ALoading weights:   0%|          | 0/426 [00:00<?, ?it/s]
[1ALoading weights:   4%|▍         | 17/426 [00:00<00:02, 148.37it/s]
[1ALoading weights:   8%|▊         | 32/426 [00:00<00:02, 135.66it/s]
[1ALoading weights:  12%|█▏        | 49/426 [00:00<00:02, 139.15it/s]
[1ALoading weights:  15%|█▌        | 65/426 [00:00<00:02, 136.04it/s]
[1ALoading weights:  20%|██        | 87/426 [00:00<00:02, 155.88it/s]
[1ALoading weights:  24%|██▍       | 103/426 [00:00<00:02, 152.06it/s]
[1ALoading weights:  28%|██▊       | 121/426 [00:00<00:02, 149.59it/s]
[1ALoading weights:  34%|███▎      | 143/426 [00:00<00:01, 168.28it/s]
[1ALoading weights:  38%|███▊      | 161/426 [00:01<00:01, 160.19it/s]
[1ALoading weights:  42%|████▏     | 180/426 [00:01<00:01, 168.37it/s]
[1ALoading weights:  46%|████▋     | 198/426 [00:01<00:01, 164.90it/s]
[1ALoading weights:  52%|█████▏    | 221/426 [00:01<00:01, 176.63it/s]
[1ALoading weights:  56%|█████▌    | 239/426 [00:01<00:01, 172.98it/s]
[1ALoading weights:  60%|██████    | 257/426 [00:01<00:00, 174.71it/s]
[1ALoading weights:  65%|██████▍   | 275/426 [00:01<00:00, 161.81it/s]
[1ALoading weights:  70%|███████   | 299/426 [00:01<00:00, 181.24it/s]
[1ALoading weights:  75%|███████▍  | 319/426 [00:01<00:00, 180.62it/s]
[1ALoading weights: 100%|██████████| 426/426 [00:02<00:00, 211.07it/s]
2026-09-05 11:42:02.787 | WARNING  | __main__:validate_extraction_identity:243 - EXPLICIT_LEGACY_EXTRACTION_REUSE source_implementation=fc65ee58b5f5b4fc5d952cd0439f0e0f84f7f2ede2e06e7d1bb2134ff0085d31 current_implementation=19d7e58c74450db3609e422c157c69471f55705490cf88e9c433a6e1e525a370
2026-09-05 11:42:03.208 | INFO     | __main__:load_or_extract:290 - EXTRACTION_REUSED source=j-lens-concept-dev-v1 hashes={'+C': '8841bc93cf13558a0b01c61d8fdeb737437ee82389754c786d4dd02f351e0f97', '-C': '8841bc93cf13558a0b01c61d8fdeb737437ee82389754c786d4dd02f351e0f97'}
2026-09-05 11:42:14.408 | INFO     | walk:generate:481 - generation 15/15
2026-09-05 11:42:17.128 | INFO     | walk:generate:481 - generation 15/15
2026-09-05 11:42:20.210 | INFO     | walk:generate:481 - generation 15/15
2026-09-05 11:42:21.243 | INFO     | __main__:gpu_stage:748 - GPU_STAGE_COMPLETE experiment=j-lens-concept-dev-v3-upper profile=dev cells=2
EXPERIMENT_GPU_COMPLETE id=j-lens-concept-dev-v3-upper profile=dev cells=2
Stopping app - local entrypoint completed.
✓ App completed. View run at 
https://modal.com/apps/wassname/main/ap-Ew5W5U1tAeM0PCwNayfEoK
✓ Finished downloading files to local!
2026-09-05 19:42:39.170 | INFO     | __main__:experiment_rows:297 - experiment manifest id=j-lens-concept-dev-v3-upper profile=dev cells=2 demo_sides=30
2026-09-05 19:42:39.665 | INFO     | __main__:cached_keys:330 - cache scan records=20000 valid_keys=0
2026-09-05 19:42:40.124 | INFO     | __main__:cached_keys:330 - cache scan records=40000 valid_keys=0
2026-09-05 19:42:40.626 | INFO     | __main__:cached_keys:330 - cache scan records=60000 valid_keys=0
2026-09-05 19:42:41.129 | INFO     | __main__:cached_keys:330 - cache scan records=80000 valid_keys=11699
2026-09-05 19:42:41.608 | INFO     | __main__:cached_keys:330 - cache scan records=100000 valid_keys=31699
2026-09-05 19:42:42.083 | INFO     | __main__:cached_keys:330 - cache scan records=120000 valid_keys=51368
2026-09-05 19:42:42.547 | INFO     | __main__:cached_keys:330 - cache scan records=140000 valid_keys=71368
2026-09-05 19:42:42.997 | INFO     | __main__:cached_keys:330 - cache scan records=160000 valid_keys=91368
2026-09-05 19:42:43.354 | INFO     | __main__:cached_keys:330 - cache scan records=180000 valid_keys=111368
2026-09-05 19:42:43.685 | INFO     | __main__:cached_keys:330 - cache scan records=200000 valid_keys=130444
2026-09-05 19:42:44.125 | INFO     | __main__:cached_keys:330 - cache scan records=220000 valid_keys=150271
2026-09-05 19:42:44.419 | INFO     | __main__:main:670 - CACHE_CHECK required=30 cached=24 missing=6 API_calls=6
2026-09-05 19:42:48.351 | INFO     | __main__:run:632 - judge progress=6/6
2026-09-05 19:42:48.861 | INFO     | __main__:cached_keys:330 - cache scan records=20000 valid_keys=0
2026-09-05 19:42:49.359 | INFO     | __main__:cached_keys:330 - cache scan records=40000 valid_keys=0
2026-09-05 19:42:49.909 | INFO     | __main__:cached_keys:330 - cache scan records=60000 valid_keys=0
2026-09-05 19:42:50.463 | INFO     | __main__:cached_keys:330 - cache scan records=80000 valid_keys=11699
2026-09-05 19:42:50.977 | INFO     | __main__:cached_keys:330 - cache scan records=100000 valid_keys=31699
2026-09-05 19:42:51.450 | INFO     | __main__:cached_keys:330 - cache scan records=120000 valid_keys=51368
2026-09-05 19:42:51.876 | INFO     | __main__:cached_keys:330 - cache scan records=140000 valid_keys=71368
2026-09-05 19:42:52.341 | INFO     | __main__:cached_keys:330 - cache scan records=160000 valid_keys=91368
2026-09-05 19:42:52.789 | INFO     | __main__:cached_keys:330 - cache scan records=180000 valid_keys=111368
2026-09-05 19:42:53.222 | INFO     | __main__:cached_keys:330 - cache scan records=200000 valid_keys=130444
2026-09-05 19:42:53.661 | INFO     | __main__:cached_keys:330 - cache scan records=220000 valid_keys=150271
2026-09-05 19:42:53.977 | INFO     | __main__:main:683 - JUDGE_COMPLETE required=30 missing=0
2026-09-05 19:42:56.782 | INFO     | judge:experiment_rows:297 - experiment manifest id=j-lens-concept-dev-v3-upper profile=dev cells=2 demo_sides=30
EXPERIMENT_EXPORT_COMPLETE id=j-lens-concept-dev-v3-upper profile=dev arms=2 scenarios=30
