## full confirmation verification
GPU_STAGE_OBSERVED profile=full generated= True cohort= 100
FULL_CELL side=+C rows=100 breakdown=[]
FULL_CELL side=-C rows=100 breakdown=[]
201 data/formative/mlp-up-left-right-formative-v5-eb/judged_scenarios.csv
uv run python scripts/judge.py --experiment-id mlp-up-left-right-formative-v5-eb --profile full --refresh
2026-09-01 05:49:37.029 | INFO     | __main__:experiment_rows:289 - experiment manifest id=mlp-up-left-right-formative-v5-eb profile=full cells=2 demo_sides=200
2026-09-01 05:49:37.556 | INFO     | __main__:cached_keys:322 - cache scan records=20000 valid_keys=0
2026-09-01 05:49:38.179 | INFO     | __main__:cached_keys:322 - cache scan records=40000 valid_keys=0
2026-09-01 05:49:38.848 | INFO     | __main__:cached_keys:322 - cache scan records=60000 valid_keys=0
2026-09-01 05:49:39.497 | INFO     | __main__:cached_keys:322 - cache scan records=80000 valid_keys=11699
2026-09-01 05:49:40.113 | INFO     | __main__:cached_keys:322 - cache scan records=100000 valid_keys=31699
2026-09-01 05:49:40.737 | INFO     | __main__:cached_keys:322 - cache scan records=120000 valid_keys=51368
2026-09-01 05:49:41.278 | INFO     | __main__:cached_keys:322 - cache scan records=140000 valid_keys=71368
2026-09-01 05:49:41.780 | INFO     | __main__:cached_keys:322 - cache scan records=160000 valid_keys=91368
2026-09-01 05:49:42.265 | INFO     | __main__:cached_keys:322 - cache scan records=180000 valid_keys=111368
2026-09-01 05:49:42.660 | INFO     | __main__:cached_keys:322 - cache scan records=200000 valid_keys=130444
2026-09-01 05:49:43.071 | INFO     | __main__:cached_keys:322 - cache scan records=220000 valid_keys=150271
2026-09-01 05:49:43.302 | INFO     | __main__:main:650 - CACHE_CHECK required=400 cached=400 missing=0 API_calls=0
2026-09-01 05:49:45.818 | INFO     | judge:experiment_rows:289 - experiment manifest id=mlp-up-left-right-formative-v5-eb profile=full cells=2 demo_sides=200
EXPERIMENT_EXPORT_COMPLETE id=mlp-up-left-right-formative-v5-eb profile=full arms=2 scenarios=200
