COMMAND: just judge-experiment mlp-up-left-right-formative-v7-eb-audited full --all-generated && uv run python scripts/export.py --experiment-id mlp-up-left-right-formative-v7-eb-audited --profile full --all-generated && uv run python -m vjp_steering.results
uv run python scripts/judge.py --experiment-id mlp-up-left-right-formative-v7-eb-audited --profile full --refresh --all-generated
2026-09-01 19:56:55.613 | INFO     | __main__:experiment_rows:295 - experiment manifest id=mlp-up-left-right-formative-v7-eb-audited profile=full cells=12 demo_sides=1200
2026-09-01 19:56:57.293 | INFO     | __main__:cached_keys:328 - cache scan records=20000 valid_keys=0
2026-09-01 19:56:58.951 | INFO     | __main__:cached_keys:328 - cache scan records=40000 valid_keys=0
2026-09-01 19:57:00.735 | INFO     | __main__:cached_keys:328 - cache scan records=60000 valid_keys=0
2026-09-01 19:57:02.421 | INFO     | __main__:cached_keys:328 - cache scan records=80000 valid_keys=11699
2026-09-01 19:57:03.952 | INFO     | __main__:cached_keys:328 - cache scan records=100000 valid_keys=31699
2026-09-01 19:57:05.343 | INFO     | __main__:cached_keys:328 - cache scan records=120000 valid_keys=51368
2026-09-01 19:57:06.530 | INFO     | __main__:cached_keys:328 - cache scan records=140000 valid_keys=71368
2026-09-01 19:57:07.698 | INFO     | __main__:cached_keys:328 - cache scan records=160000 valid_keys=91368
2026-09-01 19:57:08.690 | INFO     | __main__:cached_keys:328 - cache scan records=180000 valid_keys=111368
2026-09-01 19:57:09.819 | INFO     | __main__:cached_keys:328 - cache scan records=200000 valid_keys=130444
2026-09-01 19:57:10.895 | INFO     | __main__:cached_keys:328 - cache scan records=220000 valid_keys=150271
2026-09-01 19:57:11.638 | INFO     | __main__:main:668 - CACHE_CHECK required=2296 cached=2296 missing=0 API_calls=0
2026-09-01 19:57:14.132 | INFO     | judge:experiment_rows:295 - experiment manifest id=mlp-up-left-right-formative-v7-eb-audited profile=full cells=12 demo_sides=1200
EXPERIMENT_EXPORT_COMPLETE id=mlp-up-left-right-formative-v7-eb-audited profile=full arms=12 scenarios=1200
/workspace/2026/jspace/j-steer_pub/src/vjp_steering/results.py:669: DeprecationWarning: 
Support for Kaleido versions less than 1.0.0 is deprecated and will be removed after September 2025.
Please upgrade Kaleido to version 1.0.0 or greater (`pip install 'kaleido>=1.0.0'` or `pip install 'plotly[kaleido]'`).

  figure.write_image(output / "plot.png", width=1064, height=590, scale=2)
wrote 7 table rows from 800 measured evaluations
