Loading weights:   0%|          | 0/57 [00:00<?, ?it/s]Loading weights: 100%|██████████| 57/57 [00:00<00:00, 5613.41it/s]
2026-09-07 07:01:33.417 | INFO     | vjp_steering.j_lens_concept:extract_persona_contrast:820 - persona layer=2 direction=j_gp16 applied_norm=309.6401 j_norm=309.6401 remainder_norm=47.0276 selected=16
2026-09-07 07:01:33.570 | INFO     | vjp_steering.j_lens_concept:extract_persona_contrast:820 - persona layer=2 direction=full_residual applied_norm=312.8292 j_norm=309.6401 remainder_norm=47.0276 selected=16
TINY_LENS_FIT actual_autograd=true persona_projection=true full_residual_control=true n_prompts=1 layers=(2,)
Loading weights:   0%|          | 0/57 [00:00<?, ?it/s]Loading weights: 100%|██████████| 57/57 [00:00<00:00, 7429.54it/s]
2026-09-07 07:01:35.940 | INFO     | steering_lite.data.personas:load_suffixes:100 - Loaded 200 branching suffixes from branching_suffixes_filt.json
2026-09-07 07:01:37.358 | INFO     | vjp_steering.j_lens_concept:extract_persona_components:729 - persona components layer=2 gp_norms=[172.7941436767578, 286.9996643066406] split_gp_cosines=[0.9788253307342529, 0.9850583076477051] component_cosine=0.6932 condition=2.349 eligibility_plus=0.482 eligibility_minus=0.518
2026-09-07 07:01:43.264 | INFO     | walk:generate:497 - generation 15/15
2026-09-07 07:01:48.654 | INFO     | walk:generate:497 - generation 15/15
2026-09-07 07:01:55.022 | INFO     | walk:generate:497 - generation 15/15
2026-09-07 07:02:01.947 | INFO     | walk:generate:497 - generation 15/15
2026-09-07 07:02:08.295 | INFO     | walk:generate:497 - generation 15/15
2026-09-07 07:02:08.988 | INFO     | experiment:gpu_stage:947 - GPU_STAGE_COMPLETE experiment=j-lens-persona-components-tiny-smoke-v11 profile=dev cells=4
Loading weights:   0%|          | 0/57 [00:00<?, ?it/s]Loading weights: 100%|██████████| 57/57 [00:00<00:00, 6763.09it/s]
2026-09-07 07:02:11.649 | INFO     | steering_lite.data.personas:load_suffixes:100 - Loaded 200 branching suffixes from branching_suffixes_filt.json
2026-09-07 07:02:12.018 | INFO     | steering_lite.data.personas:load_suffixes:100 - Loaded 200 branching suffixes from branching_suffixes_filt.json
CONCEPT_REAL_HOOK_CHECK both_directions_changed_logits=true distinct=true restored_logits=true calls_once=true removed=true diagnostics=true
COMMAND: /workspace/2026/jspace/j-steer_pub/.venv/bin/python3 scripts/judge.py --experiment-id j-lens-persona-components-tiny-smoke-v11 --profile dev --refresh
2026-09-07 07:02:13.995 | INFO     | __main__:experiment_rows:302 - experiment manifest id=j-lens-persona-components-tiny-smoke-v11 profile=dev cells=4 demo_sides=60
2026-09-07 07:02:14.514 | INFO     | __main__:cached_keys:335 - cache scan records=20000 valid_keys=0
2026-09-07 07:02:14.979 | INFO     | __main__:cached_keys:335 - cache scan records=40000 valid_keys=0
2026-09-07 07:02:15.498 | INFO     | __main__:cached_keys:335 - cache scan records=60000 valid_keys=0
2026-09-07 07:02:15.996 | INFO     | __main__:cached_keys:335 - cache scan records=80000 valid_keys=11699
2026-09-07 07:02:16.488 | INFO     | __main__:cached_keys:335 - cache scan records=100000 valid_keys=31699
2026-09-07 07:02:16.996 | INFO     | __main__:cached_keys:335 - cache scan records=120000 valid_keys=51368
2026-09-07 07:02:17.509 | INFO     | __main__:cached_keys:335 - cache scan records=140000 valid_keys=71368
2026-09-07 07:02:17.951 | INFO     | __main__:cached_keys:335 - cache scan records=160000 valid_keys=91368
2026-09-07 07:02:18.309 | INFO     | __main__:cached_keys:335 - cache scan records=180000 valid_keys=111368
2026-09-07 07:02:18.648 | INFO     | __main__:cached_keys:335 - cache scan records=200000 valid_keys=130444
2026-09-07 07:02:19.003 | INFO     | __main__:cached_keys:335 - cache scan records=220000 valid_keys=150271
2026-09-07 07:02:19.332 | INFO     | __main__:main:675 - CACHE_CHECK required=60 cached=60 missing=0 API_calls=0
COMMAND: /workspace/2026/jspace/j-steer_pub/.venv/bin/python3 scripts/export.py --experiment-id j-lens-persona-components-tiny-smoke-v11 --profile dev
2026-09-07 07:02:21.644 | INFO     | judge:experiment_rows:302 - experiment manifest id=j-lens-persona-components-tiny-smoke-v11 profile=dev cells=4 demo_sides=60
EXPERIMENT_EXPORT_COMPLETE id=j-lens-persona-components-tiny-smoke-v11 profile=dev arms=4 scenarios=60
J_LENS_CONCEPT_PIPELINE_SMOKE_PASS id=j-lens-persona-components-tiny-smoke-v11 actual_lens=true generation=true judge=true export=true public_outputs_untouched=true
