✓ Initialized. View run at 
https://modal.com/apps/wassname/main/ap-6Cbew5IJkA51H0WlLblJjp
✓ Created objects.
├── 🔨 Created mount /workspace/2026/jspace/j-steer_pub/scripts/run_modal.py
├── 🔨 Created mount /workspace/2026/jspace/j-steer_pub/src
├── 🔨 Created mount /workspace/2026/jspace/j-steer_pub/scripts
├── 🔨 Created mount /workspace/2026/jspace/j-steer_pub/data
├── 🔨 Created function run.
├── 🔨 Created function extract_experiment_remote.
├── 🔨 Created function run_experiment.
├── 🔨 Created function paper_native_verbal_report_remote.
├── 🔨 Created function paper_native_prompt_diagnostic_remote.
├── 🔨 Created function paper_native_binary_agreement_remote.
└── 🔨 Created function diagnose_j_lens_remote.

[1AFetching 14 files:   0%|          | 0/14 [00:00<?, ?it/s]
[1AFetching 14 files: 100%|██████████| 14/14 [00:00<00:00, 1253.39it/s]
Warning: You are sending unauthenticated requests to the HF Hub. Please set a HF_TOKEN to enable higher rate limits and faster downloads.

[1AFetching 2 files:   0%|          | 0/2 [00:00<?, ?it/s]
[1AFetching 2 files: 100%|██████████| 2/2 [00:00<00:00, 687.42it/s]
[transformers] The fast path is not available because one of the required library is not installed. Falling back to torch implementation. To install follow https://github.com/fla-org/flash-linear-attention#installation and https://github.com/Dao-AILab/causal-conv1d

[1ALoading weights:   0%|          | 0/426 [00:00<?, ?it/s]
[1ALoading weights:   3%|▎         | 13/426 [00:00<00:03, 126.37it/s]
[1ALoading weights:   7%|▋         | 30/426 [00:00<00:02, 144.94it/s]
[1ALoading weights:  13%|█▎        | 54/426 [00:00<00:02, 167.81it/s]
[1ALoading weights:  17%|█▋        | 73/426 [00:00<00:02, 173.41it/s]
[1ALoading weights:  21%|██▏       | 91/426 [00:00<00:01, 171.19it/s]
[1ALoading weights:  27%|██▋       | 114/426 [00:00<00:01, 175.32it/s]
[1ALoading weights:  32%|███▏      | 136/426 [00:00<00:01, 186.02it/s]
[1ALoading weights:  36%|███▋      | 155/426 [00:00<00:01, 185.42it/s]
[1ALoading weights:  41%|████      | 174/426 [00:01<00:01, 169.45it/s]
[1ALoading weights:  47%|████▋     | 199/426 [00:01<00:01, 190.17it/s]
[1ALoading weights:  51%|█████▏    | 219/426 [00:01<00:01, 187.06it/s]
[1ALoading weights:  56%|█████▋    | 240/426 [00:01<00:00, 190.78it/s]
[1ALoading weights:  62%|██████▏   | 263/426 [00:01<00:00, 193.70it/s]
[1ALoading weights:  68%|██████▊   | 288/426 [00:01<00:00, 206.97it/s]
[1ALoading weights:  73%|███████▎  | 309/426 [00:01<00:00, 205.19it/s]
[1ALoading weights:  78%|███████▊  | 331/426 [00:01<00:00, 207.62it/s]
[1ALoading weights:  83%|████████▎ | 353/426 [00:01<00:00, 209.74it/s]
[1ALoading weights:  89%|████████▉ | 381/426 [00:01<00:00, 215.52it/s]
[1ALoading weights: 100%|██████████| 426/426 [00:02<00:00, 208.86it/s]
2026-09-06 04:22:01.538 | INFO     | vjp_steering.vjp:j_lens_swap:585 - j_lens_swap operator=paper_native_pseudoinverse_coordinate_swap source=abrasive id=90474 target=flattering id=80238 layers=(6, 7, 8, 9, 10, 11, 12, 13, 14, 15, 16, 17, 18, 19, 20, 21, 22, 23, 24)
2026-09-06 04:22:14.060 | INFO     | walk:generate:480 - generation 15/15
2026-09-06 04:22:16.702 | INFO     | walk:generate:480 - generation 15/15
2026-09-06 04:22:48.350 | INFO     | walk:generate:480 - generation 15/15
2026-09-06 04:22:50.978 | INFO     | walk:generate:480 - generation 15/15
2026-09-06 04:22:53.738 | INFO     | walk:generate:480 - generation 15/15
2026-09-06 04:23:08.777 | INFO     | walk:generate:480 - generation 15/15
2026-09-06 04:23:23.522 | INFO     | walk:generate:480 - generation 15/15
2026-09-06 04:23:38.691 | INFO     | walk:generate:480 - generation 15/15
2026-09-06 04:23:41.263 | INFO     | walk:generate:480 - generation 15/15
2026-09-06 04:23:56.291 | INFO     | walk:generate:480 - generation 15/15
2026-09-06 04:23:59.047 | INFO     | walk:generate:480 - generation 15/15
2026-09-06 04:24:01.765 | INFO     | walk:generate:480 - generation 15/15
2026-09-06 04:24:04.327 | INFO     | walk:generate:480 - generation 15/15
2026-09-06 04:24:06.901 | INFO     | walk:generate:480 - generation 15/15
2026-09-06 04:24:09.550 | INFO     | walk:generate:480 - generation 15/15
2026-09-06 04:24:12.200 | INFO     | walk:generate:480 - generation 15/15
2026-09-06 04:24:15.017 | INFO     | walk:generate:480 - generation 15/15
2026-09-06 04:24:17.798 | INFO     | walk:generate:480 - generation 15/15
2026-09-06 04:24:20.498 | INFO     | walk:generate:480 - generation 15/15
2026-09-06 04:24:35.221 | INFO     | walk:generate:480 - generation 15/15
2026-09-06 04:24:49.801 | INFO     | walk:generate:480 - generation 15/15
2026-09-06 04:25:04.830 | INFO     | walk:generate:480 - generation 15/15
2026-09-06 04:25:07.238 | INFO     | walk:generate:480 - generation 15/15
2026-09-06 04:25:09.849 | INFO     | walk:generate:480 - generation 15/15
2026-09-06 04:25:12.706 | INFO     | walk:generate:480 - generation 15/15
2026-09-06 04:25:15.322 | INFO     | walk:generate:480 - generation 15/15
2026-09-06 04:25:17.851 | INFO     | walk:generate:480 - generation 15/15
2026-09-06 04:25:20.451 | INFO     | walk:generate:480 - generation 15/15
2026-09-06 04:25:23.096 | INFO     | walk:generate:480 - generation 15/15
2026-09-06 04:25:37.874 | INFO     | walk:generate:480 - generation 15/15
2026-09-06 04:25:52.968 | INFO     | walk:generate:480 - generation 15/15
2026-09-06 04:26:07.569 | INFO     | walk:generate:480 - generation 15/15
2026-09-06 04:26:22.275 | INFO     | walk:generate:480 - generation 15/15
2026-09-06 04:26:22.306 | INFO     | __main__:gpu_stage:792 - GPU_STAGE_COMPLETE experiment=j-lens-paper-native-sycophancy-v1 profile=dev cells=22
EXPERIMENT_GPU_COMPLETE id=j-lens-paper-native-sycophancy-v1 profile=dev cells=22
Stopping app - local entrypoint completed.
✓ App completed. View run at 
https://modal.com/apps/wassname/main/ap-6Cbew5IJkA51H0WlLblJjp
✓ Finished downloading files to local!
2026-09-06 12:26:35.480 | INFO     | __main__:experiment_rows:297 - experiment manifest id=j-lens-paper-native-sycophancy-v1 profile=dev cells=22 demo_sides=330
2026-09-06 12:26:36.809 | INFO     | __main__:cached_keys:330 - cache scan records=20000 valid_keys=0
2026-09-06 12:26:38.109 | INFO     | __main__:cached_keys:330 - cache scan records=40000 valid_keys=0
2026-09-06 12:26:39.543 | INFO     | __main__:cached_keys:330 - cache scan records=60000 valid_keys=0
2026-09-06 12:26:40.933 | INFO     | __main__:cached_keys:330 - cache scan records=80000 valid_keys=11699
2026-09-06 12:26:42.301 | INFO     | __main__:cached_keys:330 - cache scan records=100000 valid_keys=31699
2026-09-06 12:26:43.462 | INFO     | __main__:cached_keys:330 - cache scan records=120000 valid_keys=51368
2026-09-06 12:26:44.517 | INFO     | __main__:cached_keys:330 - cache scan records=140000 valid_keys=71368
2026-09-06 12:26:45.518 | INFO     | __main__:cached_keys:330 - cache scan records=160000 valid_keys=91368
2026-09-06 12:26:46.330 | INFO     | __main__:cached_keys:330 - cache scan records=180000 valid_keys=111368
2026-09-06 12:26:47.101 | INFO     | __main__:cached_keys:330 - cache scan records=200000 valid_keys=130444
2026-09-06 12:26:47.972 | INFO     | __main__:cached_keys:330 - cache scan records=220000 valid_keys=150271
2026-09-06 12:26:48.781 | INFO     | __main__:main:670 - CACHE_CHECK required=223 cached=51 missing=172 API_calls=172
2026-09-06 12:27:35.556 | INFO     | __main__:run:632 - judge progress=100/172
2026-09-06 12:28:03.892 | INFO     | __main__:run:632 - judge progress=172/172
2026-09-06 12:28:04.766 | INFO     | __main__:cached_keys:330 - cache scan records=20000 valid_keys=0
2026-09-06 12:28:05.908 | INFO     | __main__:cached_keys:330 - cache scan records=40000 valid_keys=0
2026-09-06 12:28:07.323 | INFO     | __main__:cached_keys:330 - cache scan records=60000 valid_keys=0
2026-09-06 12:28:08.460 | INFO     | __main__:cached_keys:330 - cache scan records=80000 valid_keys=11699
2026-09-06 12:28:09.514 | INFO     | __main__:cached_keys:330 - cache scan records=100000 valid_keys=31699
2026-09-06 12:28:10.686 | INFO     | __main__:cached_keys:330 - cache scan records=120000 valid_keys=51368
2026-09-06 12:28:11.731 | INFO     | __main__:cached_keys:330 - cache scan records=140000 valid_keys=71368
2026-09-06 12:28:12.732 | INFO     | __main__:cached_keys:330 - cache scan records=160000 valid_keys=91368
2026-09-06 12:28:13.571 | INFO     | __main__:cached_keys:330 - cache scan records=180000 valid_keys=111368
2026-09-06 12:28:14.345 | INFO     | __main__:cached_keys:330 - cache scan records=200000 valid_keys=130444
2026-09-06 12:28:15.155 | INFO     | __main__:cached_keys:330 - cache scan records=220000 valid_keys=150271
2026-09-06 12:28:16.010 | INFO     | __main__:main:683 - JUDGE_COMPLETE required=223 missing=0
2026-09-06 12:28:19.166 | INFO     | judge:experiment_rows:297 - experiment manifest id=j-lens-paper-native-sycophancy-v1 profile=dev cells=22 demo_sides=330
EXPERIMENT_EXPORT_COMPLETE id=j-lens-paper-native-sycophancy-v1 profile=dev arms=22 scenarios=330
Traceback (most recent call last):
  File "<frozen runpy>", line 198, in _run_module_as_main
  File "<frozen runpy>", line 88, in _run_code
  File "/workspace/2026/jspace/j-steer_pub/src/vjp_steering/results.py", line 1051, in <module>
    main()
    ~~~~^^
  File "/workspace/2026/jspace/j-steer_pub/src/vjp_steering/results.py", line 993, in main
    render_experiment(args.experiment_id, args.profile)
    ~~~~~~~~~~~~~~~~~^^^^^^^^^^^^^^^^^^^^^^^^^^^^^^^^^^
  File "/workspace/2026/jspace/j-steer_pub/src/vjp_steering/results.py", line 955, in render_experiment
    figure = plot(
        rows,
    ...<5 lines>...
        include_rejected=True,
    )
  File "/workspace/2026/jspace/j-steer_pub/src/vjp_steering/results.py", line 519, in plot
    mode="lines", line={"color": colors[method], "width": 2.2 if pareto else 3},
                                 ~~~~~~^^^^^^^^
KeyError: 'j_lens_swap'
Traceback (most recent call last):
  File "/workspace/2026/jspace/j-steer_pub/scripts/experiment.py", line 1250, in <module>
    main()
    ~~~~^^
  File "/workspace/2026/jspace/j-steer_pub/scripts/experiment.py", line 1246, in main
    local_pipeline(args)
    ~~~~~~~~~~~~~~^^^^^^
  File "/workspace/2026/jspace/j-steer_pub/scripts/experiment.py", line 879, in local_pipeline
    subprocess.run(render_command, cwd=walk.ROOT, check=True)
    ~~~~~~~~~~~~~~^^^^^^^^^^^^^^^^^^^^^^^^^^^^^^^^^^^^^^^^^^^
  File "/home/code/.local/share/uv/python/cpython-3.13.12-linux-x86_64-gnu/lib/python3.13/subprocess.py", line 577, in run
    raise CalledProcessError(retcode, process.args,
                             output=stdout, stderr=stderr)
subprocess.CalledProcessError: Command '['/workspace/2026/jspace/j-steer_pub/.venv/bin/python3', '-m', 'vjp_steering.results', '--experiment-id', 'j-lens-paper-native-sycophancy-v1', '--profile', 'dev']' returned non-zero exit status 1.
