✓ Initialized. View run at 
https://modal.com/apps/wassname/main/ap-twvmVd46pqCCHCXMWj0QQT
✓ Created objects.
├── 🔨 Created mount /workspace/2026/jspace/j-steer_pub/scripts/run_modal.py
├── 🔨 Created mount /workspace/2026/jspace/j-steer_pub/scripts
├── 🔨 Created mount /workspace/2026/jspace/j-steer_pub/src
├── 🔨 Created mount /workspace/2026/jspace/j-steer_pub/data
├── 🔨 Created function run.
├── 🔨 Created function extract_experiment_remote.
├── 🔨 Created function run_experiment.
├── 🔨 Created function paper_native_verbal_report_remote.
├── 🔨 Created function paper_native_prompt_diagnostic_remote.
├── 🔨 Created function paper_native_binary_agreement_remote.
└── 🔨 Created function diagnose_j_lens_remote.

[1AFetching 14 files:   0%|          | 0/14 [00:00<?, ?it/s]
[1AFetching 14 files: 100%|██████████| 14/14 [00:00<00:00, 940.47it/s]
2026-09-06 04:34:42.852 | INFO     | __main__:gpu_stage:687 - GPU_STAGE_COMPLETE experiment=j-lens-paper-native-sycophancy-v1 profile=dev cells=22 reused=true
EXPERIMENT_GPU_COMPLETE id=j-lens-paper-native-sycophancy-v1 profile=dev cells=22
Stopping app - local entrypoint completed.
✓ App completed. View run at 
https://modal.com/apps/wassname/main/ap-twvmVd46pqCCHCXMWj0QQT
✓ Finished downloading files to local!
2026-09-06 12:34:52.183 | INFO     | __main__:experiment_rows:297 - experiment manifest id=j-lens-paper-native-sycophancy-v1 profile=dev cells=22 demo_sides=330
2026-09-06 12:34:53.025 | INFO     | __main__:cached_keys:330 - cache scan records=20000 valid_keys=0
2026-09-06 12:34:54.142 | INFO     | __main__:cached_keys:330 - cache scan records=40000 valid_keys=0
2026-09-06 12:34:55.532 | INFO     | __main__:cached_keys:330 - cache scan records=60000 valid_keys=0
2026-09-06 12:34:56.591 | INFO     | __main__:cached_keys:330 - cache scan records=80000 valid_keys=11699
2026-09-06 12:34:57.688 | INFO     | __main__:cached_keys:330 - cache scan records=100000 valid_keys=31699
2026-09-06 12:34:58.854 | INFO     | __main__:cached_keys:330 - cache scan records=120000 valid_keys=51368
2026-09-06 12:34:59.891 | INFO     | __main__:cached_keys:330 - cache scan records=140000 valid_keys=71368
2026-09-06 12:35:00.917 | INFO     | __main__:cached_keys:330 - cache scan records=160000 valid_keys=91368
2026-09-06 12:35:01.721 | INFO     | __main__:cached_keys:330 - cache scan records=180000 valid_keys=111368
2026-09-06 12:35:02.470 | INFO     | __main__:cached_keys:330 - cache scan records=200000 valid_keys=130444
2026-09-06 12:35:03.331 | INFO     | __main__:cached_keys:330 - cache scan records=220000 valid_keys=150271
2026-09-06 12:35:04.128 | INFO     | __main__:main:670 - CACHE_CHECK required=223 cached=223 missing=0 API_calls=0
2026-09-06 12:35:06.355 | INFO     | judge:experiment_rows:297 - experiment manifest id=j-lens-paper-native-sycophancy-v1 profile=dev cells=22 demo_sides=330
EXPERIMENT_EXPORT_COMPLETE id=j-lens-paper-native-sycophancy-v1 profile=dev arms=22 scenarios=330
/workspace/2026/jspace/j-steer_pub/src/vjp_steering/results.py:982: DeprecationWarning: 
Support for Kaleido versions less than 1.0.0 is deprecated and will be removed after September 2025.
Please upgrade Kaleido to version 1.0.0 or greater (`pip install 'kaleido>=1.0.0'` or `pip install 'plotly[kaleido]'`).

  figure.write_image(output / "plot.png", width=1064, height=590, scale=2)
EXPERIMENT_RENDER_COMPLETE id=j-lens-paper-native-sycophancy-v1 profile=dev rows=22 output=/workspace/2026/jspace/j-steer_pub/results/dev/j-lens-paper-native-sycophancy-v1
✓ Initialized. View run at 
https://modal.com/apps/wassname/main/ap-6Ug1fBbaQCjSvJtaZQpbHB
✓ Created objects.
├── 🔨 Created mount /workspace/2026/jspace/j-steer_pub/scripts/run_modal.py
├── 🔨 Created mount /workspace/2026/jspace/j-steer_pub/src
├── 🔨 Created mount /workspace/2026/jspace/j-steer_pub/scripts
├── 🔨 Created mount /workspace/2026/jspace/j-steer_pub/data
├── 🔨 Created function run.
├── 🔨 Created function extract_experiment_remote.
├── 🔨 Created function run_experiment.
├── 🔨 Created function paper_native_verbal_report_remote.
├── 🔨 Created function paper_native_prompt_diagnostic_remote.
├── 🔨 Created function paper_native_binary_agreement_remote.
└── 🔨 Created function diagnose_j_lens_remote.

[1AFetching 14 files:   0%|          | 0/14 [00:00<?, ?it/s]Fetching 14 files: 100%|██████████| 14/14 [00:00<00:00, 927.42it/s]
Warning: You are sending unauthenticated requests to the HF Hub. Please set a HF_TOKEN to enable higher rate limits and faster downloads.

[1AFetching 2 files:   0%|          | 0/2 [00:00<?, ?it/s]Fetching 2 files: 100%|██████████| 2/2 [00:00<00:00, 694.08it/s]
[transformers] The fast path is not available because one of the required library is not installed. Falling back to torch implementation. To install follow https://github.com/fla-org/flash-linear-attention#installation and https://github.com/Dao-AILab/causal-conv1d

[1ALoading weights:   0%|          | 0/426 [00:00<?, ?it/s]
[1ALoading weights:   4%|▍         | 16/426 [00:00<00:02, 150.81it/s]
[1ALoading weights:   8%|▊         | 32/426 [00:00<00:02, 149.84it/s]
[1ALoading weights:  12%|█▏        | 49/426 [00:00<00:02, 151.91it/s]
[1ALoading weights:  17%|█▋        | 71/426 [00:00<00:02, 168.54it/s]
[1ALoading weights:  21%|██        | 88/426 [00:00<00:02, 164.63it/s]
[1ALoading weights:  25%|██▌       | 108/426 [00:00<00:01, 171.17it/s]
[1ALoading weights:  30%|██▉       | 126/426 [00:00<00:01, 161.67it/s]
[1ALoading weights:  34%|███▎      | 143/426 [00:00<00:01, 161.72it/s]
[1ALoading weights:  38%|███▊      | 160/426 [00:01<00:01, 152.46it/s]
[1ALoading weights:  41%|████▏     | 176/426 [00:01<00:01, 146.29it/s]
[1ALoading weights:  46%|████▌     | 197/426 [00:01<00:01, 161.17it/s]
[1ALoading weights:  51%|█████     | 218/426 [00:01<00:01, 172.25it/s]
[1ALoading weights:  55%|█████▌    | 236/426 [00:01<00:01, 170.14it/s]
[1ALoading weights:  61%|██████    | 259/426 [00:01<00:00, 184.87it/s]
[1ALoading weights:  65%|██████▌   | 278/426 [00:01<00:00, 183.22it/s]
[1ALoading weights:  70%|███████   | 300/426 [00:01<00:00, 188.73it/s]
[1ALoading weights:  75%|███████▍  | 319/426 [00:01<00:00, 171.15it/s]
[1ALoading weights:  79%|███████▉  | 337/426 [00:02<00:00, 163.08it/s]
[1ALoading weights:  83%|████████▎ | 355/426 [00:02<00:00, 167.32it/s]
[1ALoading weights:  89%|████████▉ | 379/426 [00:02<00:00, 177.91it/s]
[1ALoading weights: 100%|██████████| 426/426 [00:02<00:00, 183.01it/s]
2026-09-06 04:36:12.159 | INFO     | walk:generate:480 - generation 85/85
2026-09-06 04:36:22.028 | INFO     | walk:generate:480 - generation 85/85
2026-09-06 04:36:32.472 | INFO     | walk:generate:480 - generation 85/85
2026-09-06 04:36:42.250 | INFO     | walk:generate:480 - generation 85/85
2026-09-06 04:36:52.286 | INFO     | walk:generate:480 - generation 85/85
2026-09-06 04:36:52.320 | INFO     | __main__:gpu_stage:792 - GPU_STAGE_COMPLETE experiment=j-lens-paper-native-sycophancy-v1 profile=full cells=4
EXPERIMENT_GPU_COMPLETE id=j-lens-paper-native-sycophancy-v1 profile=full cells=4
Stopping app - local entrypoint completed.
✓ App completed. View run at 
https://modal.com/apps/wassname/main/ap-6Ug1fBbaQCjSvJtaZQpbHB
✓ Finished downloading files to local!
2026-09-06 12:37:03.189 | INFO     | __main__:experiment_rows:297 - experiment manifest id=j-lens-paper-native-sycophancy-v1 profile=full cells=1 demo_sides=100
2026-09-06 12:37:04.027 | INFO     | __main__:cached_keys:330 - cache scan records=20000 valid_keys=0
2026-09-06 12:37:05.044 | INFO     | __main__:cached_keys:330 - cache scan records=40000 valid_keys=0
2026-09-06 12:37:06.443 | INFO     | __main__:cached_keys:330 - cache scan records=60000 valid_keys=0
2026-09-06 12:37:07.502 | INFO     | __main__:cached_keys:330 - cache scan records=80000 valid_keys=11699
2026-09-06 12:37:08.531 | INFO     | __main__:cached_keys:330 - cache scan records=100000 valid_keys=31699
2026-09-06 12:37:09.748 | INFO     | __main__:cached_keys:330 - cache scan records=120000 valid_keys=51368
2026-09-06 12:37:10.784 | INFO     | __main__:cached_keys:330 - cache scan records=140000 valid_keys=71368
2026-09-06 12:37:11.777 | INFO     | __main__:cached_keys:330 - cache scan records=160000 valid_keys=91368
2026-09-06 12:37:12.526 | INFO     | __main__:cached_keys:330 - cache scan records=180000 valid_keys=111368
2026-09-06 12:37:13.274 | INFO     | __main__:cached_keys:330 - cache scan records=200000 valid_keys=130444
2026-09-06 12:37:14.094 | INFO     | __main__:cached_keys:330 - cache scan records=220000 valid_keys=150271
2026-09-06 12:37:14.867 | INFO     | __main__:main:670 - CACHE_CHECK required=200 cached=49 missing=151 API_calls=151
2026-09-06 12:38:01.616 | INFO     | __main__:run:632 - judge progress=100/151
2026-09-06 12:38:24.732 | INFO     | __main__:run:632 - judge progress=151/151
2026-09-06 12:38:25.553 | INFO     | __main__:cached_keys:330 - cache scan records=20000 valid_keys=0
2026-09-06 12:38:26.578 | INFO     | __main__:cached_keys:330 - cache scan records=40000 valid_keys=0
2026-09-06 12:38:28.002 | INFO     | __main__:cached_keys:330 - cache scan records=60000 valid_keys=0
2026-09-06 12:38:29.069 | INFO     | __main__:cached_keys:330 - cache scan records=80000 valid_keys=11699
2026-09-06 12:38:30.131 | INFO     | __main__:cached_keys:330 - cache scan records=100000 valid_keys=31699
2026-09-06 12:38:31.323 | INFO     | __main__:cached_keys:330 - cache scan records=120000 valid_keys=51368
2026-09-06 12:38:32.360 | INFO     | __main__:cached_keys:330 - cache scan records=140000 valid_keys=71368
2026-09-06 12:38:33.369 | INFO     | __main__:cached_keys:330 - cache scan records=160000 valid_keys=91368
2026-09-06 12:38:34.133 | INFO     | __main__:cached_keys:330 - cache scan records=180000 valid_keys=111368
2026-09-06 12:38:34.881 | INFO     | __main__:cached_keys:330 - cache scan records=200000 valid_keys=130444
2026-09-06 12:38:35.678 | INFO     | __main__:cached_keys:330 - cache scan records=220000 valid_keys=150271
2026-09-06 12:38:36.454 | INFO     | __main__:main:683 - JUDGE_COMPLETE required=200 missing=0
2026-09-06 12:38:38.852 | INFO     | judge:experiment_rows:297 - experiment manifest id=j-lens-paper-native-sycophancy-v1 profile=full cells=1 demo_sides=100
EXPERIMENT_EXPORT_COMPLETE id=j-lens-paper-native-sycophancy-v1 profile=full arms=1 scenarios=100
2026-09-06 12:38:53.131 | INFO     | __main__:experiment_rows:297 - experiment manifest id=j-lens-paper-native-sycophancy-v1 profile=full cells=1 demo_sides=100
2026-09-06 12:38:53.952 | INFO     | __main__:cached_keys:330 - cache scan records=20000 valid_keys=0
2026-09-06 12:38:54.952 | INFO     | __main__:cached_keys:330 - cache scan records=40000 valid_keys=0
2026-09-06 12:38:56.361 | INFO     | __main__:cached_keys:330 - cache scan records=60000 valid_keys=0
2026-09-06 12:38:57.493 | INFO     | __main__:cached_keys:330 - cache scan records=80000 valid_keys=11699
2026-09-06 12:38:58.514 | INFO     | __main__:cached_keys:330 - cache scan records=100000 valid_keys=31699
2026-09-06 12:38:59.664 | INFO     | __main__:cached_keys:330 - cache scan records=120000 valid_keys=51368
2026-09-06 12:39:00.701 | INFO     | __main__:cached_keys:330 - cache scan records=140000 valid_keys=71368
2026-09-06 12:39:01.685 | INFO     | __main__:cached_keys:330 - cache scan records=160000 valid_keys=91368
2026-09-06 12:39:02.448 | INFO     | __main__:cached_keys:330 - cache scan records=180000 valid_keys=111368
2026-09-06 12:39:03.189 | INFO     | __main__:cached_keys:330 - cache scan records=200000 valid_keys=130444
2026-09-06 12:39:03.969 | INFO     | __main__:cached_keys:330 - cache scan records=220000 valid_keys=150271
2026-09-06 12:39:04.770 | INFO     | __main__:main:670 - CACHE_CHECK required=200 cached=35 missing=165 API_calls=165
2026-09-06 12:39:53.070 | INFO     | __main__:run:632 - judge progress=100/165
2026-09-06 12:40:25.778 | INFO     | __main__:run:632 - judge progress=165/165
2026-09-06 12:40:27.063 | INFO     | __main__:cached_keys:330 - cache scan records=20000 valid_keys=0
2026-09-06 12:40:28.666 | INFO     | __main__:cached_keys:330 - cache scan records=40000 valid_keys=0
2026-09-06 12:40:30.565 | INFO     | __main__:cached_keys:330 - cache scan records=60000 valid_keys=0
2026-09-06 12:40:32.075 | INFO     | __main__:cached_keys:330 - cache scan records=80000 valid_keys=11699
2026-09-06 12:40:33.528 | INFO     | __main__:cached_keys:330 - cache scan records=100000 valid_keys=31699
2026-09-06 12:40:35.195 | INFO     | __main__:cached_keys:330 - cache scan records=120000 valid_keys=51368
2026-09-06 12:40:36.656 | INFO     | __main__:cached_keys:330 - cache scan records=140000 valid_keys=71368
2026-09-06 12:40:37.983 | INFO     | __main__:cached_keys:330 - cache scan records=160000 valid_keys=91368
2026-09-06 12:40:38.887 | INFO     | __main__:cached_keys:330 - cache scan records=180000 valid_keys=111368
2026-09-06 12:40:39.979 | INFO     | __main__:cached_keys:330 - cache scan records=200000 valid_keys=130444
2026-09-06 12:40:41.173 | INFO     | __main__:cached_keys:330 - cache scan records=220000 valid_keys=150271
2026-09-06 12:40:42.108 | INFO     | __main__:main:683 - JUDGE_COMPLETE required=200 missing=0
2026-09-06 12:40:45.080 | INFO     | judge:experiment_rows:297 - experiment manifest id=j-lens-paper-native-sycophancy-v1 profile=full cells=1 demo_sides=100
EXPERIMENT_EXPORT_COMPLETE id=j-lens-paper-native-sycophancy-v1 profile=full arms=2 scenarios=200
/workspace/2026/jspace/j-steer_pub/src/vjp_steering/results.py:982: DeprecationWarning: 
Support for Kaleido versions less than 1.0.0 is deprecated and will be removed after September 2025.
Please upgrade Kaleido to version 1.0.0 or greater (`pip install 'kaleido>=1.0.0'` or `pip install 'plotly[kaleido]'`).

  figure.write_image(output / "plot.png", width=1064, height=590, scale=2)
EXPERIMENT_RENDER_COMPLETE id=j-lens-paper-native-sycophancy-v1 profile=full rows=2 output=/workspace/2026/jspace/j-steer_pub/results/formative/j-lens-paper-native-sycophancy-v1
