✓ Initialized. View run at
https://modal.com/apps/wassname/main/ap-4uRxezNUwCTjKAMzTEY8Lw
✓ Created objects.
├── 🔨 Created mount /workspace/2026/jspace/j-steer_pub/scripts/run_modal.py
├── 🔨 Created mount /workspace/2026/jspace/j-steer_pub/scripts
├── 🔨 Created mount /workspace/2026/jspace/j-steer_pub/data
├── 🔨 Created mount /workspace/2026/jspace/j-steer_pub/src
├── 🔨 Created function run.
├── 🔨 Created function extract_experiment_remote.
├── 🔨 Created function run_experiment.
├── 🔨 Created function paper_native_verbal_report_remote.
├── 🔨 Created function paper_native_prompt_diagnostic_remote.
├── 🔨 Created function paper_native_binary_agreement_remote.
└── 🔨 Created function diagnose_j_lens_remote.
[1AFetching 14 files:   0%|          | 0/14 [00:00<?, ?it/s]
[1AFetching 14 files: 100%|██████████| 14/14 [00:00<00:00, 850.43it/s]
Warning: You are sending unauthenticated requests to the HF Hub. Please set a HF_TOKEN to enable higher rate limits and faster downloads.
[1AFetching 2 files:   0%|          | 0/2 [00:00<?, ?it/s]
[1AFetching 2 files: 100%|██████████| 2/2 [00:00<00:00, 494.61it/s]
[transformers] The fast path is not available because one of the required library is not installed. Falling back to torch implementation. To install follow https://github.com/fla-org/flash-linear-attention#installation and https://github.com/Dao-AILab/causal-conv1d
[1ALoading weights:   0%|          | 0/426 [00:00<?, ?it/s]
[1ALoading weights:   4%|▎         | 15/426 [00:00<00:03, 136.72it/s]
[1ALoading weights:   9%|▉         | 39/426 [00:00<00:02, 189.97it/s]
[1ALoading weights:  14%|█▍        | 59/426 [00:00<00:01, 192.17it/s]
[1ALoading weights:  19%|█▊        | 79/426 [00:00<00:01, 188.62it/s]
[1ALoading weights:  24%|██▍       | 103/426 [00:00<00:01, 196.62it/s]
[1ALoading weights:  29%|██▉       | 123/426 [00:00<00:01, 197.41it/s]
[1ALoading weights:  35%|███▍      | 147/426 [00:00<00:01, 210.65it/s]
[1ALoading weights:  40%|███▉      | 169/426 [00:00<00:01, 200.38it/s]
[1ALoading weights:  46%|████▌     | 196/426 [00:00<00:01, 215.40it/s]
[1ALoading weights:  51%|█████     | 218/426 [00:01<00:01, 200.14it/s]
[1ALoading weights:  58%|█████▊    | 245/426 [00:01<00:00, 211.95it/s]
[1ALoading weights:  63%|██████▎   | 267/426 [00:01<00:00, 201.68it/s]
[1ALoading weights:  69%|██████▉   | 296/426 [00:01<00:00, 224.18it/s]
[1ALoading weights:  75%|███████▍  | 319/426 [00:01<00:00, 219.76it/s]
[1ALoading weights:  82%|████████▏ | 348/426 [00:01<00:00, 232.16it/s]
[1ALoading weights:  87%|████████▋ | 372/426 [00:01<00:00, 232.37it/s]
[1ALoading weights: 100%|██████████| 426/426 [00:01<00:00, 241.64it/s]
2026-09-06 10:55:32.137 | INFO     | vjp_steering.vjp:j_lens_swap:585 - j_lens_swap operator=paper_native_pseudoinverse_coordinate_swap source=abrasive id=90474 target=flattering id=80238 layers=(13, 14, 15, 16, 17, 18, 19, 20, 21)
2026-09-06 10:55:45.189 | INFO     | walk:generate:480 - generation 15/15
2026-09-06 10:55:47.754 | INFO     | walk:generate:480 - generation 15/15
2026-09-06 10:56:20.260 | INFO     | walk:generate:480 - generation 15/15
2026-09-06 10:56:23.011 | INFO     | walk:generate:480 - generation 15/15
2026-09-06 10:56:39.004 | INFO     | walk:generate:480 - generation 15/15
2026-09-06 10:56:41.947 | INFO     | walk:generate:480 - generation 15/15
2026-09-06 10:56:58.007 | INFO     | walk:generate:480 - generation 15/15
2026-09-06 10:57:13.976 | INFO     | walk:generate:480 - generation 15/15
2026-09-06 10:57:17.084 | INFO     | walk:generate:480 - generation 15/15
2026-09-06 10:57:33.021 | INFO     | walk:generate:480 - generation 15/15
2026-09-06 10:57:36.111 | INFO     | walk:generate:480 - generation 15/15
2026-09-06 10:57:38.836 | INFO     | walk:generate:480 - generation 15/15
2026-09-06 10:57:41.548 | INFO     | walk:generate:480 - generation 15/15
2026-09-06 10:57:44.026 | INFO     | walk:generate:480 - generation 15/15
2026-09-06 10:57:46.598 | INFO     | walk:generate:480 - generation 15/15
2026-09-06 10:57:49.185 | INFO     | walk:generate:480 - generation 15/15
2026-09-06 10:57:51.952 | INFO     | walk:generate:480 - generation 15/15
2026-09-06 10:57:54.723 | INFO     | walk:generate:480 - generation 15/15
2026-09-06 10:57:57.432 | INFO     | walk:generate:480 - generation 15/15
2026-09-06 10:58:13.393 | INFO     | walk:generate:480 - generation 15/15
2026-09-06 10:58:29.399 | INFO     | walk:generate:480 - generation 15/15
2026-09-06 10:58:45.464 | INFO     | walk:generate:480 - generation 15/15
2026-09-06 10:58:48.052 | INFO     | walk:generate:480 - generation 15/15
2026-09-06 10:58:50.844 | INFO     | walk:generate:480 - generation 15/15
2026-09-06 10:58:53.794 | INFO     | walk:generate:480 - generation 15/15
2026-09-06 10:58:56.769 | INFO     | walk:generate:480 - generation 15/15
2026-09-06 10:58:59.966 | INFO     | walk:generate:480 - generation 15/15
2026-09-06 10:59:03.139 | INFO     | walk:generate:480 - generation 15/15
2026-09-06 10:59:06.268 | INFO     | walk:generate:480 - generation 15/15
2026-09-06 10:59:22.254 | INFO     | walk:generate:480 - generation 15/15
2026-09-06 10:59:38.335 | INFO     | walk:generate:480 - generation 15/15
2026-09-06 10:59:54.410 | INFO     | walk:generate:480 - generation 15/15
2026-09-06 10:59:54.436 | INFO     | __main__:gpu_stage:794 - GPU_STAGE_COMPLETE experiment=j-lens-paper-workspace-sycophancy-dev-v1 profile=dev cells=21
EXPERIMENT_GPU_COMPLETE id=j-lens-paper-workspace-sycophancy-dev-v1 profile=dev cells=21
Stopping app - local entrypoint completed.
✓ App completed. View run at
https://modal.com/apps/wassname/main/ap-4uRxezNUwCTjKAMzTEY8Lw
✓ Finished downloading files to local!
2026-09-06 19:00:07.264 | INFO     | __main__:experiment_rows:297 - experiment manifest id=j-lens-paper-workspace-sycophancy-dev-v1 profile=dev cells=21 demo_sides=315
2026-09-06 19:00:09.066 | INFO     | __main__:cached_keys:330 - cache scan records=20000 valid_keys=0
2026-09-06 19:00:10.715 | INFO     | __main__:cached_keys:330 - cache scan records=40000 valid_keys=0
2026-09-06 19:00:12.670 | INFO     | __main__:cached_keys:330 - cache scan records=60000 valid_keys=0
2026-09-06 19:00:14.463 | INFO     | __main__:cached_keys:330 - cache scan records=80000 valid_keys=11699
2026-09-06 19:00:16.120 | INFO     | __main__:cached_keys:330 - cache scan records=100000 valid_keys=31699
2026-09-06 19:00:17.718 | INFO     | __main__:cached_keys:330 - cache scan records=120000 valid_keys=51368
2026-09-06 19:00:19.986 | INFO     | __main__:cached_keys:330 - cache scan records=140000 valid_keys=71368
2026-09-06 19:00:21.364 | INFO     | __main__:cached_keys:330 - cache scan records=160000 valid_keys=91368
2026-09-06 19:00:22.521 | INFO     | __main__:cached_keys:330 - cache scan records=180000 valid_keys=111368
2026-09-06 19:00:23.441 | INFO     | __main__:cached_keys:330 - cache scan records=200000 valid_keys=130444
2026-09-06 19:00:24.852 | INFO     | __main__:cached_keys:330 - cache scan records=220000 valid_keys=150271
2026-09-06 19:00:26.352 | INFO     | __main__:main:670 - CACHE_CHECK required=218 cached=56 missing=162 API_calls=162
2026-09-06 19:01:07.394 | WARNING  | __main__:request_with_rate_limit:459 - rate limit response omitted retry_after_seconds; attempt=1 backoff_seconds=15
2026-09-06 19:01:11.628 | WARNING  | __main__:request_with_rate_limit:459 - rate limit response omitted retry_after_seconds; attempt=1 backoff_seconds=15
2026-09-06 19:01:15.705 | WARNING  | __main__:request_with_rate_limit:459 - rate limit response omitted retry_after_seconds; attempt=1 backoff_seconds=15
2026-09-06 19:01:47.172 | INFO     | __main__:run:632 - judge progress=100/162
2026-09-06 19:02:34.921 | INFO     | __main__:run:632 - judge progress=162/162
2026-09-06 19:02:35.969 | INFO     | __main__:cached_keys:330 - cache scan records=20000 valid_keys=0
2026-09-06 19:02:37.124 | INFO     | __main__:cached_keys:330 - cache scan records=40000 valid_keys=0
2026-09-06 19:02:38.595 | INFO     | __main__:cached_keys:330 - cache scan records=60000 valid_keys=0
2026-09-06 19:02:39.914 | INFO     | __main__:cached_keys:330 - cache scan records=80000 valid_keys=11699
2026-09-06 19:02:40.974 | INFO     | __main__:cached_keys:330 - cache scan records=100000 valid_keys=31699
2026-09-06 19:02:42.120 | INFO     | __main__:cached_keys:330 - cache scan records=120000 valid_keys=51368
2026-09-06 19:02:43.244 | INFO     | __main__:cached_keys:330 - cache scan records=140000 valid_keys=71368
2026-09-06 19:02:44.279 | INFO     | __main__:cached_keys:330 - cache scan records=160000 valid_keys=91368
2026-09-06 19:02:45.092 | INFO     | __main__:cached_keys:330 - cache scan records=180000 valid_keys=111368
2026-09-06 19:02:45.849 | INFO     | __main__:cached_keys:330 - cache scan records=200000 valid_keys=130444
2026-09-06 19:02:46.640 | INFO     | __main__:cached_keys:330 - cache scan records=220000 valid_keys=150271
2026-09-06 19:02:47.737 | INFO     | __main__:main:683 - JUDGE_COMPLETE required=218 missing=0
2026-09-06 19:02:54.620 | INFO     | judge:experiment_rows:297 - experiment manifest id=j-lens-paper-workspace-sycophancy-dev-v1 profile=dev cells=21 demo_sides=315
EXPERIMENT_EXPORT_COMPLETE id=j-lens-paper-workspace-sycophancy-dev-v1 profile=dev arms=21 scenarios=315
/workspace/2026/jspace/j-steer_pub/src/vjp_steering/results.py:988: DeprecationWarning:
Support for Kaleido versions less than 1.0.0 is deprecated and will be removed after September 2025.
Please upgrade Kaleido to version 1.0.0 or greater (`pip install 'kaleido>=1.0.0'` or `pip install 'plotly[kaleido]'`).
  figure.write_image(output / "plot.png", width=1064, height=590, scale=2)
EXPERIMENT_RENDER_COMPLETE id=j-lens-paper-workspace-sycophancy-dev-v1 profile=dev rows=21 output=/workspace/2026/jspace/j-steer_pub/results/dev/j-lens-paper-workspace-sycophancy-dev-v1
