✓ Initialized. View run at
https://modal.com/apps/wassname/main/ap-64BatRc66BT1WR6MDGrDx5
✓ Created objects.
├── 🔨 Created mount /workspace/2026/jspace/j-steer_pub/scripts/run_modal.py
├── 🔨 Created mount /workspace/2026/jspace/j-steer_pub/src
├── 🔨 Created mount /workspace/2026/jspace/j-steer_pub/scripts
├── 🔨 Created mount /workspace/2026/jspace/j-steer_pub/data
├── 🔨 Created function run.
├── 🔨 Created function extract_experiment_remote.
├── 🔨 Created function run_experiment.
├── 🔨 Created function paper_native_verbal_report_remote.
├── 🔨 Created function paper_native_prompt_diagnostic_remote.
├── 🔨 Created function paper_native_binary_agreement_remote.
├── 🔨 Created function j_lens_activity_audit_remote.
├── 🔨 Created function j_lens_prompt_span_activity_remote.
└── 🔨 Created function diagnose_j_lens_remote.

[1AFetching 14 files:   0%|          | 0/14 [00:00<?, ?it/s]
[1AFetching 14 files: 100%|██████████| 14/14 [00:00<00:00, 990.86it/s]
Warning: You are sending unauthenticated requests to the HF Hub. Please set a HF_TOKEN to enable higher rate limits and faster downloads.

[1AFetching 2 files:   0%|          | 0/2 [00:00<?, ?it/s]
[1AFetching 2 files: 100%|██████████| 2/2 [00:00<00:00, 554.62it/s]
[transformers] The fast path is not available because one of the required library is not installed. Falling back to torch implementation. To install follow https://github.com/fla-org/flash-linear-attention#installation and https://github.com/Dao-AILab/causal-conv1d

[1ALoading weights:   0%|          | 0/426 [00:00<?, ?it/s]
[1ALoading weights:   4%|▍         | 19/426 [00:00<00:02, 189.48it/s]
[1ALoading weights:   9%|▉         | 38/426 [00:00<00:02, 188.01it/s]
[1ALoading weights:  13%|█▎        | 57/426 [00:00<00:02, 159.75it/s]
[1ALoading weights:  17%|█▋        | 74/426 [00:00<00:02, 159.88it/s]
[1ALoading weights:  24%|██▍       | 102/426 [00:00<00:01, 195.15it/s]
[1ALoading weights:  29%|██▊       | 122/426 [00:00<00:01, 165.54it/s]
[1ALoading weights:  33%|███▎      | 142/426 [00:00<00:01, 172.06it/s]
[1ALoading weights:  38%|███▊      | 160/426 [00:00<00:01, 158.04it/s]
[1ALoading weights:  44%|████▎     | 186/426 [00:01<00:01, 178.60it/s]
[1ALoading weights:  48%|████▊     | 206/426 [00:01<00:01, 181.83it/s]
[1ALoading weights:  56%|█████▌    | 238/426 [00:01<00:00, 215.87it/s]
[1ALoading weights:  61%|██████▏   | 261/426 [00:01<00:00, 212.35it/s]
[1ALoading weights:  66%|██████▋   | 283/426 [00:01<00:00, 210.84it/s]
[1ALoading weights:  72%|███████▏  | 305/426 [00:01<00:00, 200.53it/s]
[1ALoading weights:  77%|███████▋  | 326/426 [00:01<00:00, 192.93it/s]
[1ALoading weights:  83%|████████▎ | 354/426 [00:01<00:00, 203.91it/s]
[1ALoading weights: 100%|██████████| 426/426 [00:01<00:00, 223.84it/s]
J_LENS_PROMPT_SPAN_ACTIVITY_COMPLETE {"checks_evaluated": false, "control_first_nonstructural_false": 1, "decision": "SMOKE_ONLY", "eligibility": {"explicit_validity": {"+C": 0, "-C": 0}, "original": {"+C": 0, "-C": 0}}, "pass_count": 10, "random_null": {"coverages": [0, 0, 0, 0, 0, 0, 0, 0, 0, 0, 0, 0, 0, 0, 0, 0, 0, 0, 0, 0, 0, 0, 0, 0, 0, 0, 0, 0, 0, 0, 0, 0, 0, 0, 0, 0, 0, 0, 0, 0, 0, 0, 0, 0, 0, 0, 0, 0, 0, 0, 0, 0, 0, 0, 0, 0, 0, 0, 0, 0, 0, 0, 0, 0, 0, 0, 0, 0, 0, 0, 0, 0, 0, 0, 0, 0, 0, 0, 0, 0, 0, 0, 0, 0, 0, 0, 0, 0, 0, 0, 0, 0, 0, 0, 0, 0, 0, 0, 0, 0], "max": 0, "median": 0, "min": 0, "p95_nearest_rank": 0, "seed": 0, "set_size": 7, "sets": 100}, "selected_pairs": {"explicit_validity": {"+C": {"false->true": 1}, "-C": {"related->unrelated": 1}}, "original": {"+C": {"false->true": 1}, "-C": {"reasonable->nonsense": 1}}}}
J_LENS_PROMPT_SPAN_ACTIVITY_DOWNLOADED {"output": "/workspace/2026/jspace/j-steer_pub/outputs/audits/20260907_j_lens_prompt_span_activity/smoke-v2.json", "status": "SMOKE", "summary": {"checks_evaluated": false, "control_first_nonstructural_false": 1, "decision": "SMOKE_ONLY", "eligibility": {"explicit_validity": {"+C": 0, "-C": 0}, "original": {"+C": 0, "-C": 0}}, "pass_count": 10, "random_null": {"coverages": [0, 0, 0, 0, 0, 0, 0, 0, 0, 0, 0, 0, 0, 0, 0, 0, 0, 0, 0, 0, 0, 0, 0, 0, 0, 0, 0, 0, 0, 0, 0, 0, 0, 0, 0, 0, 0, 0, 0, 0, 0, 0, 0, 0, 0, 0, 0, 0, 0, 0, 0, 0, 0, 0, 0, 0, 0, 0, 0, 0, 0, 0, 0, 0, 0, 0, 0, 0, 0, 0, 0, 0, 0, 0, 0, 0, 0, 0, 0, 0, 0, 0, 0, 0, 0, 0, 0, 0, 0, 0, 0, 0, 0, 0, 0, 0, 0, 0, 0, 0], "max": 0, "median": 0, "min": 0, "p95_nearest_rank": 0, "seed": 0, "set_size": 7, "sets": 100}, "selected_pairs": {"explicit_validity": {"+C": {"false->true": 1}, "-C": {"related->unrelated": 1}}, "original": {"+C": {"false->true": 1}, "-C": {"reasonable->nonsense": 1}}}}}
Stopping app - local entrypoint completed.
✓ App completed. View run at
https://modal.com/apps/wassname/main/ap-64BatRc66BT1WR6MDGrDx5
