2026-09-07 13:41:36+08:00
2026-09-07 13:41:36+08:00 [1A
2026-09-07 13:41:36+08:00 Fetching 14 files:   0%|          | 0/14 [00:00<?, ?it/s]
2026-09-07 13:41:36+08:00 Fetching 14 files: 100%|██████████| 14/14 [00:00<00:00, 869.43it/s]
2026-09-07 13:41:49+08:00
2026-09-07 13:41:49+08:00 [1A
2026-09-07 13:41:49+08:00 Fetching 2 files:   0%|          | 0/2 [00:00<?, ?it/s]
2026-09-07 13:41:49+08:00 Fetching 2 files: 100%|██████████| 2/2 [00:00<00:00, 714.65it/s]
2026-09-07 13:41:49+08:00 [transformers] The fast path is not available because one of the required library is not installed. Falling back to torch implementation. To install follow https://github.com/fla-org/flash-linear-attention#installation and https://github.com/Dao-AILab/causal-conv1d
2026-09-07 13:41:50+08:00
2026-09-07 13:41:50+08:00 [1A
2026-09-07 13:41:50+08:00 Loading weights:   0%|          | 0/426 [00:00<?, ?it/s]
2026-09-07 13:41:50+08:00 [1A
2026-09-07 13:41:50+08:00 Loading weights:   5%|▍         | 21/426 [00:00<00:02, 166.25it/s]
2026-09-07 13:41:50+08:00 [1A
2026-09-07 13:41:50+08:00 Loading weights:   9%|▉         | 38/426 [00:00<00:02, 148.63it/s]
2026-09-07 13:41:50+08:00 [1A
2026-09-07 13:41:50+08:00 Loading weights:  14%|█▍        | 59/426 [00:00<00:02, 153.06it/s]
2026-09-07 13:41:50+08:00 [1A
2026-09-07 13:41:50+08:00 Loading weights:  18%|█▊        | 75/426 [00:00<00:02, 139.81it/s]
2026-09-07 13:41:50+08:00 [1A
Loading weights:  22%|██▏       | 92/426 [00:00<00:02, 144.54it/s]
2026-09-07 13:41:51+08:00
2026-09-07 13:41:51+08:00 [1A
2026-09-07 13:41:51+08:00 Loading weights:  25%|██▌       | 107/426 [00:00<00:02, 127.58it/s]
2026-09-07 13:41:51+08:00 [1A
2026-09-07 13:41:51+08:00 Loading weights:  28%|██▊       | 121/426 [00:00<00:02, 128.39it/s]
2026-09-07 13:41:51+08:00 [1A
2026-09-07 13:41:51+08:00 Loading weights:  32%|███▏      | 136/426 [00:01<00:02, 127.44it/s]
2026-09-07 13:41:51+08:00 [1A
2026-09-07 13:41:51+08:00 Loading weights:  35%|███▍      | 149/426 [00:01<00:02, 126.96it/s]
2026-09-07 13:41:51+08:00 [1A
2026-09-07 13:41:51+08:00 Loading weights:  39%|███▊      | 165/426 [00:01<00:01, 130.86it/s]
2026-09-07 13:41:51+08:00 [1A
2026-09-07 13:41:51+08:00 Loading weights:  42%|████▏     | 179/426 [00:01<00:02, 123.09it/s]
2026-09-07 13:41:51+08:00 [1A
2026-09-07 13:41:51+08:00 Loading weights:  45%|████▌     | 192/426 [00:01<00:01, 121.11it/s]
2026-09-07 13:41:51+08:00 [1A
2026-09-07 13:41:51+08:00 Loading weights:  48%|████▊     | 205/426 [00:01<00:01, 123.08it/s]
2026-09-07 13:41:51+08:00 [1A
Loading weights:  51%|█████     | 218/426 [00:01<00:01, 118.73it/s]
2026-09-07 13:41:52+08:00
2026-09-07 13:41:52+08:00 [1A
2026-09-07 13:41:52+08:00 Loading weights:  56%|█████▌    | 237/426 [00:01<00:01, 133.90it/s]
2026-09-07 13:41:52+08:00 [1A
2026-09-07 13:41:52+08:00 Loading weights:  59%|█████▉    | 251/426 [00:01<00:01, 128.74it/s]
2026-09-07 13:41:52+08:00 [1A
2026-09-07 13:41:52+08:00 Loading weights:  62%|██████▏   | 264/426 [00:02<00:01, 118.28it/s]
2026-09-07 13:41:52+08:00 [1A
2026-09-07 13:41:52+08:00 Loading weights:  67%|██████▋   | 286/426 [00:02<00:00, 143.73it/s]
2026-09-07 13:41:52+08:00 [1A
2026-09-07 13:41:52+08:00 Loading weights:  71%|███████   | 301/426 [00:02<00:00, 133.07it/s]
2026-09-07 13:41:52+08:00 [1A
2026-09-07 13:41:52+08:00 Loading weights:  75%|███████▌  | 320/426 [00:02<00:00, 141.88it/s]
2026-09-07 13:41:52+08:00 [1A
2026-09-07 13:41:52+08:00 Loading weights:  81%|████████  | 344/426 [00:02<00:00, 162.73it/s]
2026-09-07 13:41:52+08:00 [1A
2026-09-07 13:41:52+08:00 Loading weights:  85%|████████▍ | 361/426 [00:02<00:00, 156.40it/s]
2026-09-07 13:41:52+08:00 [1A
2026-09-07 13:41:52+08:00 Loading weights: 100%|██████████| 426/426 [00:02<00:00, 161.59it/s]
2026-09-07 13:41:55+08:00 Warning: You are sending unauthenticated requests to the HF Hub. Please set a HF_TOKEN to enable higher rate limits and faster downloads.
2026-09-07 13:42:05+08:00 J_LENS_PROMPT_SPAN_ACTIVITY_COMPLETE {"checks_evaluated": false, "control_first_nonstructural_false": 1, "decision": "SMOKE_ONLY", "eligibility": {"explicit_validity": {"+C": 0, "-C": 0}, "original": {"+C": 0, "-C": 0}}, "pass_count": 10, "random_null": {"coverages": [0, 0, 0, 0, 0, 0, 0, 0, 0, 0, 0, 0, 0, 0, 0, 0, 0, 0, 0, 0, 0, 0, 0, 0, 0, 0, 0, 0, 0, 0, 0, 0, 0, 0, 0, 0, 0, 0, 0, 0, 0, 0, 0, 0, 0, 0, 0, 0, 0, 0, 0, 0, 0, 0, 0, 0, 0, 0, 0, 0, 0, 0, 0, 0, 0, 0, 0, 0, 0, 0, 0, 0, 0, 0, 0, 0, 0, 0, 0, 0, 0, 0, 0, 0, 0, 0, 0, 0, 0, 0, 0, 0, 0, 0, 0, 0, 0, 0, 0, 0], "max": 0, "median": 0, "min": 0, "p95_nearest_rank": 0, "seed": 0, "set_size": 7, "sets": 100}, "selected_pairs": {"explicit_validity": {"+C": {"false->true": 1}, "-C": {"related->unrelated": 1}}, "original": {"+C": {"false->true": 1}, "-C": {"reasonable->nonsense": 1}}}}
2026-09-07 14:41:35+08:00 Task's current input(s) ["in-01M1X64PRT978VPR9W66A84BRV:1788759661338-0"] cancelled because: Task's current input in-01M1X64PRT978VPR9W66A84BRV:1788759661338-0 hit its timeout of 3600s
2026-09-07 14:41:35+08:00 [modal-client] 2026-09-07T06:41:35+0000 Received a cancellation signal while processing input ('in-01M1X64PRT978VPR9W66A84BRV:1788759661338-0',)
2026-09-07 14:41:35+08:00 [modal-client] 2026-09-07T06:41:35+0000 Successfully canceled input ('in-01M1X64PRT978VPR9W66A84BRV:1788759661338-0',)
2026-09-07 14:41:39+08:00 Stopping app - uncaught exception raised locally: FunctionTimeoutError("Task's current input in-01M1X64PRT978VPR9W66A84BRV:1788759661338-0 hit its timeout of 3600s").
2026-09-07 14:41:46+08:00 Runner terminated.
