COMMAND: PYTHONUNBUFFERED=1 uv run --no-sync modal run scripts/run_modal.py::j_lens_gap_clamp --output audits/20260907_j_lens_gap_clamp/results-v1.json
SOURCE_REVISION: 6a3edbe
✓ Initialized. View run at 
https://modal.com/apps/wassname/main/ap-1OZZSehnkWsCEssJIT6cpa
✓ Created objects.
├── 🔨 Created mount /workspace/2026/jspace/j-steer_pub/scripts/run_modal.py
├── 🔨 Created mount /workspace/2026/jspace/j-steer_pub/src
├── 🔨 Created mount /workspace/2026/jspace/j-steer_pub/scripts
├── 🔨 Created mount /workspace/2026/jspace/j-steer_pub/data
├── 🔨 Created function j_lens_gap_clamp_remote.
├── 🔨 Created function run.
├── 🔨 Created function extract_experiment_remote.
├── 🔨 Created function run_experiment.
├── 🔨 Created function paper_native_verbal_report_remote.
├── 🔨 Created function paper_native_prompt_diagnostic_remote.
├── 🔨 Created function paper_native_binary_agreement_remote.
├── 🔨 Created function j_lens_activity_audit_remote.
├── 🔨 Created function diagnose_j_lens_remote.
└── 🔨 Created function j_lens_prompt_span_activity_remote.

[1AFetching 2 files:   0%|          | 0/2 [00:00<?, ?it/s]
[1AFetching 2 files: 100%|██████████| 2/2 [00:00<00:00, 1004.14it/s]
[transformers] The fast path is not available because one of the required library is not installed. Falling back to torch implementation. To install follow https://github.com/fla-org/flash-linear-attention#installation and https://github.com/Dao-AILab/causal-conv1d

[1ALoading weights:   0%|          | 0/426 [00:00<?, ?it/s]
[1ALoading weights:   1%|          | 5/426 [00:00<00:39, 10.70it/s]
[1ALoading weights:   2%|▏         | 7/426 [00:00<00:45,  9.29it/s]
[1ALoading weights:   3%|▎         | 14/426 [00:01<00:32, 12.56it/s]
[1ALoading weights:   9%|▉         | 38/426 [00:01<00:08, 44.49it/s]
[1ALoading weights:  11%|█▏        | 48/426 [00:01<00:07, 53.60it/s]
[1ALoading weights:  17%|█▋        | 74/426 [00:01<00:03, 92.57it/s]
[1ALoading weights:  21%|██        | 89/426 [00:01<00:03, 92.38it/s]
[1ALoading weights:  27%|██▋       | 117/426 [00:01<00:02, 132.09it/s]
[1ALoading weights:  35%|███▌      | 151/426 [00:01<00:01, 171.75it/s]
[1ALoading weights:  43%|████▎     | 183/426 [00:01<00:01, 204.23it/s]
[1ALoading weights:  49%|████▉     | 210/426 [00:02<00:01, 215.40it/s]
[1ALoading weights:  57%|█████▋    | 242/426 [00:02<00:00, 242.57it/s]
[1ALoading weights:  64%|██████▎   | 271/426 [00:02<00:00, 252.72it/s]
[1ALoading weights:  70%|██████▉   | 298/426 [00:02<00:00, 249.43it/s]
[1ALoading weights:  77%|███████▋  | 328/426 [00:02<00:00, 255.32it/s]
[1ALoading weights:  84%|████████▍ | 358/426 [00:02<00:00, 264.83it/s]
[1ALoading weights: 100%|██████████| 426/426 [00:02<00:00, 162.02it/s]
Warning: You are sending unauthenticated requests to the HF Hub. Please set a HF_TOKEN to enable higher rate limits and faster downloads.
Traceback (most recent call last):
  File "/repo/scripts/scratch/j_lens_gap_clamp.py", line 213, in <module>
    main()
    ~~~~^^
  File "/repo/scripts/scratch/j_lens_gap_clamp.py", line 209, in main
    run(args)
    ~~~^^^^^^
  File "/repo/scripts/scratch/j_lens_gap_clamp.py", line 156, in run
    assert model.config._commit_hash == REVISION
           ^^^^^^^^^^^^^^^^^^^^^^^^^^^^^^^^^^^^^
AssertionError
Traceback (most recent call last):
  File "/pkg/modal/_runtime/container_io_manager.py", line 977, in handle_input_exception
    yield
  File "/pkg/modal/_container_entrypoint.py", line 187, in run_input_sync
    values = io_context.call_function_sync()
  File "/pkg/modal/_runtime/container_io_manager.py", line 265, in call_function_sync
    expected_value_or_values = self.finalized_function.callable(*args, **kwargs)
  File "/root/run_modal.py", line 52, in j_lens_gap_clamp_remote
    subprocess.run([
    ~~~~~~~~~~~~~~^^
        sys.executable, "scripts/scratch/j_lens_gap_clamp.py",
        ^^^^^^^^^^^^^^^^^^^^^^^^^^^^^^^^^^^^^^^^^^^^^^^^^^^^^^
        "--source-root", "/cache/outputs/experiments", "--output", str(destination),
        ^^^^^^^^^^^^^^^^^^^^^^^^^^^^^^^^^^^^^^^^^^^^^^^^^^^^^^^^^^^^^^^^^^^^^^^^^^^^
        "--source-revision", revision,
        ^^^^^^^^^^^^^^^^^^^^^^^^^^^^^^
    ], cwd="/repo", check=True)
    ^^^^^^^^^^^^^^^^^^^^^^^^^^^
  File "/usr/local/lib/python3.13/subprocess.py", line 577, in run
    raise CalledProcessError(retcode, process.args,
                             output=stdout, stderr=stderr)
subprocess.CalledProcessError: Command '['/.uv/.venv/bin/python', 'scripts/scratch/j_lens_gap_clamp.py', '--source-root', '/cache/outputs/experiments', '--output', '/cache/outputs/audits/20260907_j_lens_gap_clamp/results-v1.json', '--source-revision', '6a3edbe54da0b7ecb760da22c41a45d710654a7a']' returned non-zero exit status 1.
Stopping app - uncaught exception raised locally: CalledProcessError(1, ['/.uv/.venv/bin/python', 'scripts/scratch/j_lens_gap_clamp.py', '--source-root', '/cache/outputs/experiments', '--output', '/cache/outputs/audits/20260907_j_lens_gap_clamp/results-v1.json', '--source-revision', '6a3edbe54da0b7ecb760da22c41a45d710654a7a']).
╭───────────────────── Traceback (most recent call last) ──────────────────────╮
│ /workspace/2026/jspace/j-steer_pub/scripts/run_modal.py:67 in                │
│ j_lens_gap_clamp                                                             │
│                                                                              │
│    66 │   │   raise FileExistsError(destination)                             │
│ ❱  67 │   result = j_lens_gap_clamp_remote.remote(output, source_revision()) │
│    68 │   destination.parent.mkdir(parents=True, exist_ok=True)              │
│                                                                              │
│ /workspace/2026/jspace/j-steer_pub/.venv/lib/python3.13/site-packages/modal/ │
│ _object.py:46 in wrapped                                                     │
│                                                                              │
│    45 │   │   await self.hydrate()                                           │
│ ❱  46 │   │   return await method(self, *args, **kwargs)                     │
│    47                                                                        │
│                                                                              │
│ /workspace/2026/jspace/j-steer_pub/.venv/lib/python3.13/site-packages/modal/ │
│ _functions.py:1841 in remote                                                 │
│                                                                              │
│   1840 │   │                                                                 │
│ ❱ 1841 │   │   return await self._call_function(args, kwargs)                │
│   1842                                                                       │
│                                                                              │
│ /workspace/2026/jspace/j-steer_pub/.venv/lib/python3.13/site-packages/modal/ │
│ _functions.py:1778 in _call_function                                         │
│                                                                              │
│   1777 │   │                                                                 │
│ ❱ 1778 │   │   return await invocation.run_function()                        │
│   1779                                                                       │
│                                                                              │
│ /workspace/2026/jspace/j-steer_pub/.venv/lib/python3.13/site-packages/modal/ │
│ _functions.py:502 in run_function                                            │
│                                                                              │
│    501 │   │   │   # No more retries left.                                   │
│ ❱  502 │   │   │   return await _process_result(                             │
│    503 │   │   │   │   await_response.output.result, await_response.output.d │
│                                                                              │
│ /workspace/2026/jspace/j-steer_pub/.venv/lib/python3.13/site-packages/modal/ │
│ _utils/function_utils.py:572 in _process_result                              │
│                                                                              │
│   571 │   │   │                                                              │
│ ❱ 572 │   │   │   raise exc_with_hints(exc)                                  │
│   573                                                                        │
│                                                                              │
│     ...Remote call to Modal Function (ta-01M1Y634XA8Y33A9BECFNKNMWR)...      │
│                                                                              │
│ /root/run_modal.py:52 in j_lens_gap_clamp_remote                             │
│                                                                              │
│ ❱ 52 subprocess.run([                                                        │
│                                                                              │
│                                                                              │
│ /usr/local/lib/python3.13/subprocess.py:577 in run                           │
│                                                                              │
│ ❱ 577 raise CalledProcessError(retcode, process.args,                        │
│                                                                              │
╰──────────────────────────────────────────────────────────────────────────────╯
CalledProcessError: Command '['/.uv/.venv/bin/python', 
'scripts/scratch/j_lens_gap_clamp.py', '--source-root', 
'/cache/outputs/experiments', '--output', 
'/cache/outputs/audits/20260907_j_lens_gap_clamp/results-v1.json', 
'--source-revision', '6a3edbe54da0b7ecb760da22c41a45d710654a7a']' returned 
non-zero exit status 1.
EXIT_CODE=1
