clean            refine=False same=True outcome=complete rungs=51 c_star=None
clean            refine=True  same=True outcome=complete rungs=61 c_star=2.0
early_trip       refine=False same=True outcome=complete rungs=45 c_star=None
early_trip       refine=True  same=True outcome=complete rungs=55 c_star=2.8284271247461903
trip_from_start  refine=False same=True outcome=complete rungs=43 c_star=None
trip_from_start  refine=True  same=True outcome=complete rungs=43 c_star=None
never_breaks     refine=False same=True outcome=raise:m seed 0 reached grid ceiling with rungs=115 c_star=None
never_breaks     refine=True  same=True outcome=raise:m seed 0 reached grid ceiling with rungs=115 c_star=None
one_side_never   refine=False same=True outcome=raise:m seed 0 reached grid ceiling with rungs=115 c_star=None
one_side_never   refine=True  same=True outcome=raise:m seed 0 reached grid ceiling with rungs=125 c_star=1.0
rand0            refine=False same=True outcome=complete rungs=80 c_star=None
rand0            refine=True  same=True outcome=complete rungs=90 c_star=0.0625
rand1            refine=False same=True outcome=complete rungs=44 c_star=None
rand1            refine=True  same=True outcome=complete rungs=54 c_star=0.0625
rand2            refine=False same=True outcome=complete rungs=84 c_star=None
rand2            refine=True  same=True outcome=complete rungs=94 c_star=0.5612310241546865
rand3            refine=False same=True outcome=complete rungs=55 c_star=None
rand3            refine=True  same=True outcome=complete rungs=12 c_star=0.04419417382415922
rand4            refine=False same=True outcome=complete rungs=12 c_star=None
rand4            refine=True  same=True outcome=complete rungs=22 c_star=0.03937253280921478
rand5            refine=False same=True outcome=complete rungs=16 c_star=None
rand5            refine=True  same=True outcome=complete rungs=16 c_star=0.15749013123685915
rand6            refine=False same=True outcome=complete rungs=82 c_star=None
rand6            refine=True  same=True outcome=complete rungs=92 c_star=3.563594872561357
rand7            refine=False same=True outcome=complete rungs=11 c_star=None
rand7            refine=True  same=True outcome=complete rungs=11 c_star=0.08838834764831845
rand8            refine=False same=True outcome=complete rungs=24 c_star=None
rand8            refine=True  same=True outcome=complete rungs=24 c_star=None
rand9            refine=False same=True outcome=complete rungs=5 c_star=None
rand9            refine=True  same=True outcome=complete rungs=15 c_star=0.035076939009667914
rand10           refine=False same=True outcome=complete rungs=57 c_star=None
rand10           refine=True  same=True outcome=complete rungs=67 c_star=0.7071067811865476
rand11           refine=False same=True outcome=complete rungs=82 c_star=None
rand11           refine=True  same=True outcome=complete rungs=92 c_star=0.0625
rand12           refine=False same=True outcome=complete rungs=34 c_star=None
rand12           refine=True  same=True outcome=complete rungs=44 c_star=0.19842513149602492
rand13           refine=False same=True outcome=complete rungs=59 c_star=None
rand13           refine=True  same=True outcome=complete rungs=69 c_star=10.079368399158986
rand14           refine=False same=True outcome=complete rungs=19 c_star=None
rand14           refine=True  same=True outcome=complete rungs=29 c_star=0.08838834764831845
rand15           refine=False same=True outcome=complete rungs=4 c_star=None
rand15           refine=True  same=True outcome=complete rungs=48 c_star=0.035076939009667914
rand16           refine=False same=True outcome=complete rungs=73 c_star=None
rand16           refine=True  same=True outcome=complete rungs=83 c_star=0.07874506561842957
rand17           refine=False same=True outcome=complete rungs=24 c_star=None
rand17           refine=True  same=True outcome=complete rungs=24 c_star=None
rand18           refine=False same=True outcome=complete rungs=54 c_star=None
rand18           refine=True  same=True outcome=complete rungs=58 c_star=8.979696386474982
rand19           refine=False same=True outcome=complete rungs=16 c_star=None
rand19           refine=True  same=True outcome=complete rungs=20 c_star=0.035076939009667914
rand20           refine=False same=True outcome=complete rungs=93 c_star=None
rand20           refine=True  same=True outcome=complete rungs=103 c_star=0.0701538780193358
rand21           refine=False same=True outcome=complete rungs=59 c_star=None
rand21           refine=True  same=True outcome=complete rungs=69 c_star=0.04419417382415922
rand22           refine=False same=True outcome=complete rungs=71 c_star=None
rand22           refine=True  same=True outcome=complete rungs=81 c_star=0.19842513149602492
rand23           refine=False same=True outcome=complete rungs=78 c_star=None
rand23           refine=True  same=True outcome=complete rungs=88 c_star=1.5874010519681994
rand24           refine=False same=True outcome=complete rungs=12 c_star=None
rand24           refine=True  same=True outcome=complete rungs=16 c_star=0.035076939009667914
rand25           refine=False same=True outcome=complete rungs=25 c_star=None
rand25           refine=True  same=True outcome=complete rungs=14 c_star=0.03937253280921478
rand26           refine=False same=True outcome=complete rungs=92 c_star=None
rand26           refine=True  same=True outcome=complete rungs=102 c_star=1.2599210498948732
rand27           refine=False same=True outcome=complete rungs=70 c_star=None
rand27           refine=True  same=True outcome=complete rungs=71 c_star=64.0
rand28           refine=False same=True outcome=complete rungs=35 c_star=None
rand28           refine=True  same=True outcome=complete rungs=45 c_star=0.125
rand29           refine=False same=True outcome=complete rungs=80 c_star=None
rand29           refine=True  same=True outcome=complete rungs=90 c_star=0.125
rand30           refine=False same=True outcome=complete rungs=52 c_star=None
rand30           refine=True  same=True outcome=complete rungs=62 c_star=0.19842513149602492
rand31           refine=False same=True outcome=complete rungs=11 c_star=None
rand31           refine=True  same=True outcome=complete rungs=11 c_star=None
rand32           refine=False same=True outcome=complete rungs=16 c_star=None
rand32           refine=True  same=True outcome=complete rungs=16 c_star=None
rand33           refine=False same=True outcome=complete rungs=66 c_star=None
rand33           refine=True  same=True outcome=complete rungs=76 c_star=0.11136233976754242
rand34           refine=False same=True outcome=complete rungs=15 c_star=None
rand34           refine=True  same=True outcome=complete rungs=25 c_star=0.03937253280921478
rand35           refine=False same=True outcome=complete rungs=14 c_star=None
rand35           refine=True  same=True outcome=complete rungs=14 c_star=None
rand36           refine=False same=True outcome=complete rungs=65 c_star=None
rand36           refine=True  same=True outcome=complete rungs=75 c_star=1.4142135623730951
rand37           refine=False same=True outcome=complete rungs=16 c_star=None
rand37           refine=True  same=True outcome=complete rungs=26 c_star=0.03937253280921478
rand38           refine=False same=True outcome=complete rungs=31 c_star=None
rand38           refine=True  same=True outcome=complete rungs=31 c_star=None
rand39           refine=False same=True outcome=complete rungs=8 c_star=None
rand39           refine=True  same=True outcome=complete rungs=8 c_star=None
SHOULD all identical: 90/90 identical
