✓ Initialized. View run at 
https://modal.com/apps/wassname/main/ap-Q0l7Hrx5rsBq3RkPkJqBZ9
✓ Created objects.
├── 🔨 Created mount /workspace/2026/jspace/j-steer_pub/scripts/run_modal.py
├── 🔨 Created mount /workspace/2026/jspace/j-steer_pub/src
├── 🔨 Created mount /workspace/2026/jspace/j-steer_pub/scripts
├── 🔨 Created mount /workspace/2026/jspace/j-steer_pub/data
├── 🔨 Created function j_lens_gap_clamp_remote.
├── 🔨 Created function run.
├── 🔨 Created function extract_experiment_remote.
├── 🔨 Created function run_experiment.
├── 🔨 Created function run_j_lens_concept_repair.
├── 🔨 Created function paper_native_verbal_report_remote.
├── 🔨 Created function paper_native_prompt_diagnostic_remote.
├── 🔨 Created function paper_native_binary_agreement_remote.
├── 🔨 Created function j_lens_activity_audit_remote.
├── 🔨 Created function diagnose_j_lens_remote.
└── 🔨 Created function j_lens_prompt_span_activity_remote.

Fetching 14 files: 100%|██████████| 14/14 [00:00<00:00, 1274.67it/s]
Warning: You are sending unauthenticated requests to the HF Hub. Please set a HF_TOKEN to enable higher rate limits and faster downloads.
Fetching 2 files: 100%|██████████| 2/2 [00:00<00:00, 666.19it/s]
[transformers] The fast path is not available because one of the required library is not installed. Falling back to torch implementation. To install follow https://github.com/fla-org/flash-linear-attention#installation and https://github.com/Dao-AILab/causal-conv1d
Loading weights: 100%|██████████| 426/426 [00:01<00:00, 290.44it/s]
2026-09-08 07:02:39.021 | WARNING  | __main__:validate_extraction_identity:491 - EXPLICIT_LEGACY_EXTRACTION_REUSE source_implementation=fc65ee58b5f5b4fc5d952cd0439f0e0f84f7f2ede2e06e7d1bb2134ff0085d31 current_implementation=ff42a271af22aaf5d51cc8d8962ebc1771d0c5e4f54c077fe757c0d3d4f0b62a
2026-09-08 07:02:39.790 | INFO     | __main__:load_or_extract:546 - EXTRACTION_REUSED source=j-lens-concept-dev-v1 hashes={'+C': '8841bc93cf13558a0b01c61d8fdeb737437ee82389754c786d4dd02f351e0f97', '-C': '8841bc93cf13558a0b01c61d8fdeb737437ee82389754c786d4dd02f351e0f97'}
2026-09-08 07:02:51.597 | INFO     | walk:generate:497 - generation 15/15
2026-09-08 07:02:54.436 | INFO     | walk:generate:497 - generation 15/15
2026-09-08 07:02:57.528 | INFO     | walk:generate:497 - generation 15/15
2026-09-08 07:03:00.600 | INFO     | walk:generate:497 - generation 15/15
2026-09-08 07:03:03.312 | INFO     | walk:generate:497 - generation 15/15
2026-09-08 07:03:03.931 | INFO     | __main__:gpu_stage:1060 - GPU_STAGE_COMPLETE experiment=j-lens-concept-dev-repair-v1 profile=dev cells=2
✓ Finished downloading files to local!
J_LENS_CONCEPT_REPAIR_GPU_COMPLETE id=j-lens-concept-dev-repair-v1 output=/workspace/2026/jspace/j-steer_pub/outputs/experiments/j-lens-concept-dev-repair-v1
Stopping app - local entrypoint completed.
✓ App completed. View run at 
https://modal.com/apps/wassname/main/ap-Q0l7Hrx5rsBq3RkPkJqBZ9

[pq] task 777 SUCCESS in 75s -- why: old low-dose J-lens DEV lacked a matched behavioral placebo; resolve: select a task-responsive arm only if it exceeds same-sign norm-matched random control without damage
