COMMAND: uv run python -m py_compile scripts/experiment.py scripts/export.py scripts/run_modal.py scripts/walk.py src/vjp_steering/experiment.py src/vjp_steering/results.py src/vjp_steering/vjp.py
COMMAND: uv run python scripts/experiment.py j_lens_swap --self-test
J_LENS_SWAP_SELF_TEST_PASS alpha0=identity alpha1=coordinate_exchange transfer=exact prompt_only=exact reload=exact
EXPERIMENT_SELF_TEST_PASS quick_calls=270 full_calls=400 resume_cells=18
COMMAND: uv run python scripts/export.py --self-test
EXPORT_SELF_TEST_PASS
COMMAND: uv run python -m vjp_steering.results
/workspace/2026/jspace/j-steer_pub/src/vjp_steering/results.py:906: DeprecationWarning:
Support for Kaleido versions less than 1.0.0 is deprecated and will be removed after September 2025.
Please upgrade Kaleido to version 1.0.0 or greater (`pip install 'kaleido>=1.0.0'` or `pip install 'plotly[kaleido]'`).

  figure.write_image(output / "plot.png", width=1064, height=590, scale=2)
wrote 7 table rows from 800 measured evaluations
COMMAND: Pareto anchor assertions
vjp_delta +C: measured=24 frontier=14 endpoint_extension=True
vjp_delta -C: measured=18 frontier=9 endpoint_extension=True
mean_diff +C: measured=31 frontier=17 endpoint_extension=True
mean_diff -C: measured=29 frontier=14 endpoint_extension=True
pca +C: measured=32 frontier=17 endpoint_extension=False
pca -C: measured=29 frontier=10 endpoint_extension=False
J_word +C: measured=9 frontier=5 endpoint_extension=False
J_word -C: measured=4 frontier=2 endpoint_extension=True
vjp_mlp_up_shrink +C: measured=21 frontier=9 endpoint_extension=False
vjp_mlp_up_shrink -C: measured=5 frontier=2 endpoint_extension=True
vjp_mlp_up_left_right_shrink +C: measured=5 frontier=5 endpoint_extension=False
vjp_mlp_up_left_right_shrink -C: measured=6 frontier=4 endpoint_extension=True
PARETO_ANCHOR_CHECK_PASS
COMMAND: git diff --check
